Archive member included to satisfy reference by file (symbol)

c:/st/stm32cubeide_1.3.0/stm32cubeide/plugins/com.st.stm32cube.ide.mcu.externaltools.gnu-tools-for-stm32.7-2018-q2-update.win32_1.0.0.201904181610/tools/bin/../lib/gcc/arm-none-eabi/7.3.1/../../../../arm-none-eabi/lib/thumb/v7e-m/fpv4-sp/hard\libc_nano.a(lib_a-errno.o)
                              Core/Src/syscalls.o (__errno)
c:/st/stm32cubeide_1.3.0/stm32cubeide/plugins/com.st.stm32cube.ide.mcu.externaltools.gnu-tools-for-stm32.7-2018-q2-update.win32_1.0.0.201904181610/tools/bin/../lib/gcc/arm-none-eabi/7.3.1/../../../../arm-none-eabi/lib/thumb/v7e-m/fpv4-sp/hard\libc_nano.a(lib_a-exit.o)
                              c:/st/stm32cubeide_1.3.0/stm32cubeide/plugins/com.st.stm32cube.ide.mcu.externaltools.gnu-tools-for-stm32.7-2018-q2-update.win32_1.0.0.201904181610/tools/bin/../lib/gcc/arm-none-eabi/7.3.1/../../../../arm-none-eabi/lib/thumb/v7e-m/fpv4-sp/hard/crt0.o (exit)
c:/st/stm32cubeide_1.3.0/stm32cubeide/plugins/com.st.stm32cube.ide.mcu.externaltools.gnu-tools-for-stm32.7-2018-q2-update.win32_1.0.0.201904181610/tools/bin/../lib/gcc/arm-none-eabi/7.3.1/../../../../arm-none-eabi/lib/thumb/v7e-m/fpv4-sp/hard\libc_nano.a(lib_a-impure.o)
                              c:/st/stm32cubeide_1.3.0/stm32cubeide/plugins/com.st.stm32cube.ide.mcu.externaltools.gnu-tools-for-stm32.7-2018-q2-update.win32_1.0.0.201904181610/tools/bin/../lib/gcc/arm-none-eabi/7.3.1/../../../../arm-none-eabi/lib/thumb/v7e-m/fpv4-sp/hard\libc_nano.a(lib_a-exit.o) (_global_impure_ptr)
c:/st/stm32cubeide_1.3.0/stm32cubeide/plugins/com.st.stm32cube.ide.mcu.externaltools.gnu-tools-for-stm32.7-2018-q2-update.win32_1.0.0.201904181610/tools/bin/../lib/gcc/arm-none-eabi/7.3.1/../../../../arm-none-eabi/lib/thumb/v7e-m/fpv4-sp/hard\libc_nano.a(lib_a-init.o)
                              c:/st/stm32cubeide_1.3.0/stm32cubeide/plugins/com.st.stm32cube.ide.mcu.externaltools.gnu-tools-for-stm32.7-2018-q2-update.win32_1.0.0.201904181610/tools/bin/../lib/gcc/arm-none-eabi/7.3.1/../../../../arm-none-eabi/lib/thumb/v7e-m/fpv4-sp/hard/crt0.o (__libc_init_array)
c:/st/stm32cubeide_1.3.0/stm32cubeide/plugins/com.st.stm32cube.ide.mcu.externaltools.gnu-tools-for-stm32.7-2018-q2-update.win32_1.0.0.201904181610/tools/bin/../lib/gcc/arm-none-eabi/7.3.1/../../../../arm-none-eabi/lib/thumb/v7e-m/fpv4-sp/hard\libc_nano.a(lib_a-memcpy-stub.o)
                              Middlewares/Third_Party/FreeRTOS/Source/CMSIS_RTOS_V2/cmsis_os2.o (memcpy)
c:/st/stm32cubeide_1.3.0/stm32cubeide/plugins/com.st.stm32cube.ide.mcu.externaltools.gnu-tools-for-stm32.7-2018-q2-update.win32_1.0.0.201904181610/tools/bin/../lib/gcc/arm-none-eabi/7.3.1/../../../../arm-none-eabi/lib/thumb/v7e-m/fpv4-sp/hard\libc_nano.a(lib_a-memset.o)
                              c:/st/stm32cubeide_1.3.0/stm32cubeide/plugins/com.st.stm32cube.ide.mcu.externaltools.gnu-tools-for-stm32.7-2018-q2-update.win32_1.0.0.201904181610/tools/bin/../lib/gcc/arm-none-eabi/7.3.1/../../../../arm-none-eabi/lib/thumb/v7e-m/fpv4-sp/hard/crt0.o (memset)
c:/st/stm32cubeide_1.3.0/stm32cubeide/plugins/com.st.stm32cube.ide.mcu.externaltools.gnu-tools-for-stm32.7-2018-q2-update.win32_1.0.0.201904181610/tools/bin/../lib/gcc/arm-none-eabi/7.3.1/../../../../arm-none-eabi/lib/thumb/v7e-m/fpv4-sp/hard\libc_nano.a(lib_a-nano-vfprintf_float.o)
                              (_printf_float)
c:/st/stm32cubeide_1.3.0/stm32cubeide/plugins/com.st.stm32cube.ide.mcu.externaltools.gnu-tools-for-stm32.7-2018-q2-update.win32_1.0.0.201904181610/tools/bin/../lib/gcc/arm-none-eabi/7.3.1/../../../../arm-none-eabi/lib/thumb/v7e-m/fpv4-sp/hard\libc_nano.a(lib_a-nano-vfprintf_i.o)
                              c:/st/stm32cubeide_1.3.0/stm32cubeide/plugins/com.st.stm32cube.ide.mcu.externaltools.gnu-tools-for-stm32.7-2018-q2-update.win32_1.0.0.201904181610/tools/bin/../lib/gcc/arm-none-eabi/7.3.1/../../../../arm-none-eabi/lib/thumb/v7e-m/fpv4-sp/hard\libc_nano.a(lib_a-nano-vfprintf_float.o) (_printf_common)
c:/st/stm32cubeide_1.3.0/stm32cubeide/plugins/com.st.stm32cube.ide.mcu.externaltools.gnu-tools-for-stm32.7-2018-q2-update.win32_1.0.0.201904181610/tools/bin/../lib/gcc/arm-none-eabi/7.3.1/../../../../arm-none-eabi/lib/thumb/v7e-m/fpv4-sp/hard\libc_nano.a(lib_a-rand.o)
                              Core/Src/game.o (srand)
c:/st/stm32cubeide_1.3.0/stm32cubeide/plugins/com.st.stm32cube.ide.mcu.externaltools.gnu-tools-for-stm32.7-2018-q2-update.win32_1.0.0.201904181610/tools/bin/../lib/gcc/arm-none-eabi/7.3.1/../../../../arm-none-eabi/lib/thumb/v7e-m/fpv4-sp/hard\libc_nano.a(lib_a-sprintf.o)
                              Core/Src/UART_Helpers.o (sprintf)
c:/st/stm32cubeide_1.3.0/stm32cubeide/plugins/com.st.stm32cube.ide.mcu.externaltools.gnu-tools-for-stm32.7-2018-q2-update.win32_1.0.0.201904181610/tools/bin/../lib/gcc/arm-none-eabi/7.3.1/../../../../arm-none-eabi/lib/thumb/v7e-m/fpv4-sp/hard\libc_nano.a(lib_a-strlen.o)
                              Core/Src/game.o (strlen)
[...]
Memory Configuration

Name             Origin             Length             Attributes
RAM              0x0000000020000000 0x0000000000018000 xrw
RAM2             0x0000000010000000 0x0000000000008000 xrw
FLASH            0x0000000008000000 0x0000000000100000 xr
*default*        0x0000000000000000 0xffffffffffffffff

Linker script and memory map

LOAD c:/st/stm32cubeide_1.3.0/stm32cubeide/plugins/com.st.stm32cube.ide.mcu.externaltools.gnu-tools-for-stm32.7-2018-q2-update.win32_1.0.0.201904181610/tools/bin/../lib/gcc/arm-none-eabi/7.3.1/thumb/v7e-m/fpv4-sp/hard/crti.o
LOAD c:/st/stm32cubeide_1.3.0/stm32cubeide/plugins/com.st.stm32cube.ide.mcu.externaltools.gnu-tools-for-stm32.7-2018-q2-update.win32_1.0.0.201904181610/tools/bin/../lib/gcc/arm-none-eabi/7.3.1/thumb/v7e-m/fpv4-sp/hard/crtbegin.o
LOAD c:/st/stm32cubeide_1.3.0/stm32cubeide/plugins/com.st.stm32cube.ide.mcu.externaltools.gnu-tools-for-stm32.7-2018-q2-update.win32_1.0.0.201904181610/tools/bin/../lib/gcc/arm-none-eabi/7.3.1/../../../../arm-none-eabi/lib/thumb/v7e-m/fpv4-sp/hard/crt0.o
LOAD Core/Inc/l3gd20.o
LOAD Core/Inc/stm32l476g_discovery.o
LOAD Core/Inc/stm32l476g_discovery_gyroscope.o
LOAD Core/Src/UART_Helpers.o
LOAD Core/Src/freertos.o
LOAD Core/Src/game.o
LOAD Core/Src/main.o
LOAD Core/Src/mygyro.o
LOAD Core/Src/stm32l4xx_hal_msp.o
LOAD Core/Src/stm32l4xx_hal_timebase_tim.o
LOAD Core/Src/stm32l4xx_it.o
LOAD Core/Src/syscalls.o
LOAD Core/Src/sysmem.o
LOAD Core/Src/system_stm32l4xx.o
LOAD Core/Startup/startup_stm32l476vgtx.o
LOAD Drivers/STM32L4xx_HAL_Driver/Src/stm32l4xx_hal.o
LOAD Drivers/STM32L4xx_HAL_Driver/Src/stm32l4xx_hal_cortex.o
LOAD Drivers/STM32L4xx_HAL_Driver/Src/stm32l4xx_hal_dma.o
LOAD Drivers/STM32L4xx_HAL_Driver/Src/stm32l4xx_hal_dma_ex.o
LOAD Drivers/STM32L4xx_HAL_Driver/Src/stm32l4xx_hal_exti.o
LOAD Drivers/STM32L4xx_HAL_Driver/Src/stm32l4xx_hal_flash.o
LOAD Drivers/STM32L4xx_HAL_Driver/Src/stm32l4xx_hal_flash_ex.o
LOAD Drivers/STM32L4xx_HAL_Driver/Src/stm32l4xx_hal_flash_ramfunc.o
LOAD Drivers/STM32L4xx_HAL_Driver/Src/stm32l4xx_hal_gpio.o
LOAD Drivers/STM32L4xx_HAL_Driver/Src/stm32l4xx_hal_i2c.o
LOAD Drivers/STM32L4xx_HAL_Driver/Src/stm32l4xx_hal_i2c_ex.o
LOAD Drivers/STM32L4xx_HAL_Driver/Src/stm32l4xx_hal_pwr.o
LOAD Drivers/STM32L4xx_HAL_Driver/Src/stm32l4xx_hal_pwr_ex.o
LOAD Drivers/STM32L4xx_HAL_Driver/Src/stm32l4xx_hal_rcc.o
LOAD Drivers/STM32L4xx_HAL_Driver/Src/stm32l4xx_hal_rcc_ex.o
LOAD Drivers/STM32L4xx_HAL_Driver/Src/stm32l4xx_hal_rng.o
LOAD Drivers/STM32L4xx_HAL_Driver/Src/stm32l4xx_hal_spi.o
LOAD Drivers/STM32L4xx_HAL_Driver/Src/stm32l4xx_hal_spi_ex.o
LOAD Drivers/STM32L4xx_HAL_Driver/Src/stm32l4xx_hal_tim.o
LOAD Drivers/STM32L4xx_HAL_Driver/Src/stm32l4xx_hal_tim_ex.o
LOAD Drivers/STM32L4xx_HAL_Driver/Src/stm32l4xx_hal_uart.o
LOAD Drivers/STM32L4xx_HAL_Driver/Src/stm32l4xx_hal_uart_ex.o
LOAD Middlewares/Third_Party/FreeRTOS/Source/CMSIS_RTOS_V2/cmsis_os2.o
LOAD Middlewares/Third_Party/FreeRTOS/Source/croutine.o
LOAD Middlewares/Third_Party/FreeRTOS/Source/event_groups.o
LOAD Middlewares/Third_Party/FreeRTOS/Source/list.o
LOAD Middlewares/Third_Party/FreeRTOS/Source/queue.o
LOAD Middlewares/Third_Party/FreeRTOS/Source/stream_buffer.o
LOAD Middlewares/Third_Party/FreeRTOS/Source/tasks.o
LOAD Middlewares/Third_Party/FreeRTOS/Source/timers.o
LOAD Middlewares/Third_Party/FreeRTOS/Source/portable/GCC/ARM_CM4F/port.o
LOAD Middlewares/Third_Party/FreeRTOS/Source/portable/MemMang/heap_4.o
START GROUP
LOAD c:/st/stm32cubeide_1.3.0/stm32cubeide/plugins/com.st.stm32cube.ide.mcu.externaltools.gnu-tools-for-stm32.7-2018-q2-update.win32_1.0.0.201904181610/tools/bin/../lib/gcc/arm-none-eabi/7.3.1/../../../../arm-none-eabi/lib/thumb/v7e-m/fpv4-sp/hard\libc_nano.a
LOAD c:/st/stm32cubeide_1.3.0/stm32cubeide/plugins/com.st.stm32cube.ide.mcu.externaltools.gnu-tools-for-stm32.7-2018-q2-update.win32_1.0.0.201904181610/tools/bin/../lib/gcc/arm-none-eabi/7.3.1/../../../../arm-none-eabi/lib/thumb/v7e-m/fpv4-sp/hard\libm.a
END GROUP
START GROUP
LOAD c:/st/stm32cubeide_1.3.0/stm32cubeide/plugins/com.st.stm32cube.ide.mcu.externaltools.gnu-tools-for-stm32.7-2018-q2-update.win32_1.0.0.201904181610/tools/bin/../lib/gcc/arm-none-eabi/7.3.1/thumb/v7e-m/fpv4-sp/hard\libgcc.a
LOAD c:/st/stm32cubeide_1.3.0/stm32cubeide/plugins/com.st.stm32cube.ide.mcu.externaltools.gnu-tools-for-stm32.7-2018-q2-update.win32_1.0.0.201904181610/tools/bin/../lib/gcc/arm-none-eabi/7.3.1/../../../../arm-none-eabi/lib/thumb/v7e-m/fpv4-sp/hard\libc_nano.a
END GROUP
START GROUP
LOAD c:/st/stm32cubeide_1.3.0/stm32cubeide/plugins/com.st.stm32cube.ide.mcu.externaltools.gnu-tools-for-stm32.7-2018-q2-update.win32_1.0.0.201904181610/tools/bin/../lib/gcc/arm-none-eabi/7.3.1/thumb/v7e-m/fpv4-sp/hard\libgcc.a
LOAD c:/st/stm32cubeide_1.3.0/stm32cubeide/plugins/com.st.stm32cube.ide.mcu.externaltools.gnu-tools-for-stm32.7-2018-q2-update.win32_1.0.0.201904181610/tools/bin/../lib/gcc/arm-none-eabi/7.3.1/../../../../arm-none-eabi/lib/thumb/v7e-m/fpv4-sp/hard\libc_nano.a
LOAD c:/st/stm32cubeide_1.3.0/stm32cubeide/plugins/com.st.stm32cube.ide.mcu.externaltools.gnu-tools-for-stm32.7-2018-q2-update.win32_1.0.0.201904181610/tools/bin/../lib/gcc/arm-none-eabi/7.3.1/../../../../arm-none-eabi/lib/thumb/v7e-m/fpv4-sp/hard\libnosys.a
END GROUP
START GROUP
LOAD c:/st/stm32cubeide_1.3.0/stm32cubeide/plugins/com.st.stm32cube.ide.mcu.externaltools.gnu-tools-for-stm32.7-2018-q2-update.win32_1.0.0.201904181610/tools/bin/../lib/gcc/arm-none-eabi/7.3.1/thumb/v7e-m/fpv4-sp/hard\libgcc.a
LOAD c:/st/stm32cubeide_1.3.0/stm32cubeide/plugins/com.st.stm32cube.ide.mcu.externaltools.gnu-tools-for-stm32.7-2018-q2-update.win32_1.0.0.201904181610/tools/bin/../lib/gcc/arm-none-eabi/7.3.1/../../../../arm-none-eabi/lib/thumb/v7e-m/fpv4-sp/hard\libc_nano.a
LOAD c:/st/stm32cubeide_1.3.0/stm32cubeide/plugins/com.st.stm32cube.ide.mcu.externaltools.gnu-tools-for-stm32.7-2018-q2-update.win32_1.0.0.201904181610/tools/bin/../lib/gcc/arm-none-eabi/7.3.1/../../../../arm-none-eabi/lib/thumb/v7e-m/fpv4-sp/hard\libnosys.a
END GROUP
LOAD c:/st/stm32cubeide_1.3.0/stm32cubeide/plugins/com.st.stm32cube.ide.mcu.externaltools.gnu-tools-for-stm32.7-2018-q2-update.win32_1.0.0.201904181610/tools/bin/../lib/gcc/arm-none-eabi/7.3.1/thumb/v7e-m/fpv4-sp/hard/crtend.o
LOAD c:/st/stm32cubeide_1.3.0/stm32cubeide/plugins/com.st.stm32cube.ide.mcu.externaltools.gnu-tools-for-stm32.7-2018-q2-update.win32_1.0.0.201904181610/tools/bin/../lib/gcc/arm-none-eabi/7.3.1/thumb/v7e-m/fpv4-sp/hard/crtn.o
                0x0000000020018000                _estack = (ORIGIN (RAM) + LENGTH (RAM))
                0x0000000000000200                _Min_Heap_Size = 0x200
                0x0000000000000400                _Min_Stack_Size = 0x400

.isr_vector     0x0000000008000000      0x188
                0x0000000008000000                . = ALIGN (0x4)
 *(.isr_vector)
 .isr_vector    0x0000000008000000      0x188 Core/Startup/startup_stm32l476vgtx.o
                0x0000000008000000                g_pfnVectors
                0x0000000008000188                . = ALIGN (0x4)

.text           0x0000000008000190     0xc04c
                0x0000000008000190                . = ALIGN (0x4)
 *(.text)
 .text          0x0000000008000190       0x40 c:/st/stm32cubeide_1.3.0/stm32cubeide/plugins/com.st.stm32cube.ide.mcu.externaltools.gnu-tools-for-stm32.7-2018-q2-update.win32_1.0.0.201904181610/tools/bin/../lib/gcc/arm-none-eabi/7.3.1/thumb/v7e-m/fpv4-sp/hard/crtbegin.o
 .text          0x00000000080001d0       0x10 c:/st/stm32cubeide_1.3.0/stm32cubeide/plugins/com.st.stm32cube.ide.mcu.externaltools.gnu-tools-for-stm32.7-2018-q2-update.win32_1.0.0.201904181610/tools/bin/../lib/gcc/arm-none-eabi/7.3.1/../../../../arm-none-eabi/lib/thumb/v7e-m/fpv4-sp/hard\libc_nano.a(lib_a-strlen.o)
                0x00000000080001d0                strlen
 .text          0x00000000080001e0       0xa0 c:/st/stm32cubeide_1.3.0/stm32cubeide/plugins/com.st.stm32cube.ide.mcu.externaltools.gnu-tools-for-stm32.7-2018-q2-update.win32_1.0.0.201904181610/tools/bin/../lib/gcc/arm-none-eabi/7.3.1/../../../../arm-none-eabi/lib/thumb/v7e-m/fpv4-sp/hard\libc_nano.a(lib_a-memchr.o)
                0x00000000080001e0                memchr
 .text          0x0000000008000280      0x378 c:/st/stm32cubeide_1.3.0/stm32cubeide/plugins/com.st.stm32cube.ide.mcu.externaltools.gnu-tools-for-stm32.7-2018-q2-update.win32_1.0.0.201904181610/tools/bin/../lib/gcc/arm-none-eabi/7.3.1/thumb/v7e-m/fpv4-sp/hard\libgcc.a(_arm_addsubdf3.o)
                0x0000000008000280                __aeabi_drsub
                0x0000000008000288                __aeabi_dsub
                0x0000000008000288                __subdf3
                0x000000000800028c                __aeabi_dadd
                0x000000000800028c                __adddf3
                0x0000000008000504                __floatunsidf
                0x0000000008000504                __aeabi_ui2d
                0x0000000008000524                __floatsidf
                0x0000000008000524                __aeabi_i2d
                0x0000000008000548                __aeabi_f2d
                0x0000000008000548                __extendsfdf2
                0x000000000800058c                __floatundidf
                0x000000000800058c                __aeabi_ul2d
                0x000000000800059c                __floatdidf
                0x000000000800059c                __aeabi_l2d
 .text          0x00000000080005f8      0x424 c:/st/stm32cubeide_1.3.0/stm32cubeide/plugins/com.st.stm32cube.ide.mcu.externaltools.gnu-tools-for-stm32.7-2018-q2-update.win32_1.0.0.201904181610/tools/bin/../lib/gcc/arm-none-eabi/7.3.1/thumb/v7e-m/fpv4-sp/hard\libgcc.a(_arm_muldivdf3.o)
                0x00000000080005f8                __aeabi_dmul
                0x00000000080005f8                __muldf3
                0x000000000800084c                __divdf3
                0x000000000800084c                __aeabi_ddiv
 .text          0x0000000008000a1c      0x110 c:/st/stm32cubeide_1.3.0/stm32cubeide/plugins/com.st.stm32cube.ide.mcu.externaltools.gnu-tools-for-stm32.7-2018-q2-update.win32_1.0.0.201904181610/tools/bin/../lib/gcc/arm-none-eabi/7.3.1/thumb/v7e-m/fpv4-sp/hard\libgcc.a(_arm_cmpdf2.o)
                0x0000000008000a1c                __gtdf2
                0x0000000008000a1c                __gedf2
                0x0000000008000a24                __ltdf2
                0x0000000008000a24                __ledf2
                0x0000000008000a2c                __nedf2
                0x0000000008000a2c                __eqdf2
                0x0000000008000a2c                __cmpdf2
                0x0000000008000aa8                __aeabi_cdrcmple
                0x0000000008000ab8                __aeabi_cdcmpeq
                0x0000000008000ab8                __aeabi_cdcmple
                0x0000000008000ac8                __aeabi_dcmpeq
                0x0000000008000adc                __aeabi_dcmplt
                0x0000000008000af0                __aeabi_dcmple
                0x0000000008000b04                __aeabi_dcmpge
                0x0000000008000b18                __aeabi_dcmpgt
 .text          0x0000000008000b2c       0x2c c:/st/stm32cubeide_1.3.0/stm32cubeide/plugins/com.st.stm32cube.ide.mcu.externaltools.gnu-tools-for-stm32.7-2018-q2-update.win32_1.0.0.201904181610/tools/bin/../lib/gcc/arm-none-eabi/7.3.1/thumb/v7e-m/fpv4-sp/hard\libgcc.a(_arm_unorddf2.o)
                0x0000000008000b2c                __unorddf2
                0x0000000008000b2c                __aeabi_dcmpun
 .text          0x0000000008000b58       0x50 c:/st/stm32cubeide_1.3.0/stm32cubeide/plugins/com.st.stm32cube.ide.mcu.externaltools.gnu-tools-for-stm32.7-2018-q2-update.win32_1.0.0.201904181610/tools/bin/../lib/gcc/arm-none-eabi/7.3.1/thumb/v7e-m/fpv4-sp/hard\libgcc.a(_arm_fixdfsi.o)
                0x0000000008000b58                __aeabi_d2iz
                0x0000000008000b58                __fixdfsi
 .text          0x0000000008000ba8       0x30 c:/st/stm32cubeide_1.3.0/stm32cubeide/plugins/com.st.stm32cube.ide.mcu.externaltools.gnu-tools-for-stm32.7-2018-q2-update.win32_1.0.0.201904181610/tools/bin/../lib/gcc/arm-none-eabi/7.3.1/thumb/v7e-m/fpv4-sp/hard\libgcc.a(_aeabi_uldivmod.o)
                0x0000000008000ba8                __aeabi_uldivmod
 .text          0x0000000008000bd8      0x2cc c:/st/stm32cubeide_1.3.0/stm32cubeide/plugins/com.st.stm32cube.ide.mcu.externaltools.gnu-tools-for-stm32.7-2018-q2-update.win32_1.0.0.201904181610/tools/bin/../lib/gcc/arm-none-eabi/7.3.1/thumb/v7e-m/fpv4-sp/hard\libgcc.a(_udivmoddi4.o)
                0x0000000008000bd8                __udivmoddi4
 .text          0x0000000008000ea4        0x4 c:/st/stm32cubeide_1.3.0/stm32cubeide/plugins/com.st.stm32cube.ide.mcu.externaltools.gnu-tools-for-stm32.7-2018-q2-update.win32_1.0.0.201904181610/tools/bin/../lib/gcc/arm-none-eabi/7.3.1/thumb/v7e-m/fpv4-sp/hard\libgcc.a(_dvmd_tls.o)
                0x0000000008000ea4                __aeabi_idiv0
                0x0000000008000ea4                __aeabi_ldiv0
 *(.text*)
 .text.L3GD20_Init
                0x0000000008000ea8       0x46 Core/Inc/l3gd20.o
                0x0000000008000ea8                L3GD20_Init
 .text.L3GD20_DeInit
                0x0000000008000eee        0xe Core/Inc/l3gd20.o
                0x0000000008000eee                L3GD20_DeInit
 .text.L3GD20_ReadID
                0x0000000008000efc       0x20 Core/Inc/l3gd20.o
                0x0000000008000efc                L3GD20_ReadID
 .text.L3GD20_RebootCmd
                0x0000000008000f1c       0x30 Core/Inc/l3gd20.o
                0x0000000008000f1c                L3GD20_RebootCmd
 .text.L3GD20_LowPower
                0x0000000008000f4c       0x2a Core/Inc/l3gd20.o
                0x0000000008000f4c                L3GD20_LowPower
 .text.L3GD20_INT1InterruptConfig
                0x0000000008000f76       0x86 Core/Inc/l3gd20.o
                0x0000000008000f76                L3GD20_INT1InterruptConfig
 .text.L3GD20_EnableIT
                0x0000000008000ffc       0x64 Core/Inc/l3gd20.o
                0x0000000008000ffc                L3GD20_EnableIT
 .text.L3GD20_DisableIT
                0x0000000008001060       0x58 Core/Inc/l3gd20.o
                0x0000000008001060                L3GD20_DisableIT
 .text.L3GD20_FilterConfig
                0x00000000080010b8       0x42 Core/Inc/l3gd20.o
                0x00000000080010b8                L3GD20_FilterConfig
 .text.L3GD20_FilterCmd
                0x00000000080010fa       0x42 Core/Inc/l3gd20.o
                0x00000000080010fa                L3GD20_FilterCmd
 .text.L3GD20_ReadXYZAngRate
                0x000000000800113c      0x160 Core/Inc/l3gd20.o
                0x000000000800113c                L3GD20_ReadXYZAngRate
 .text.SPIx_Init
                0x000000000800129c       0x78 Core/Inc/stm32l476g_discovery.o
 .text.SPIx_MspInit
                0x0000000008001314       0x68 Core/Inc/stm32l476g_discovery.o
 .text.SPIx_WriteRead
                0x000000000800137c       0x90 Core/Inc/stm32l476g_discovery.o
 .text.GYRO_IO_Init
                0x000000000800140c      0x140 Core/Inc/stm32l476g_discovery.o
                0x000000000800140c                GYRO_IO_Init
 .text.GYRO_IO_Write
                0x000000000800154c       0x78 Core/Inc/stm32l476g_discovery.o
                0x000000000800154c                GYRO_IO_Write
 .text.GYRO_IO_Read
                0x00000000080015c4       0x88 Core/Inc/stm32l476g_discovery.o
                0x00000000080015c4                GYRO_IO_Read
 .text.BSP_GYRO_Init
                0x000000000800164c       0xd4 Core/Inc/stm32l476g_discovery_gyroscope.o
                0x000000000800164c                BSP_GYRO_Init
 .text.BSP_GYRO_GetXYZ
                0x0000000008001720       0x28 Core/Inc/stm32l476g_discovery_gyroscope.o
                0x0000000008001720                BSP_GYRO_GetXYZ
 .text.UART_print
                0x0000000008001748       0x3c Core/Src/UART_Helpers.o
                0x0000000008001748                UART_print
 .text.wait_for_key
                0x0000000008001784       0x2c Core/Src/UART_Helpers.o
                0x0000000008001784                wait_for_key
 .text.UART_println
                0x00000000080017b0       0x3c Core/Src/UART_Helpers.o
                0x00000000080017b0                UART_println
 .text.display_board
                0x00000000080017ec       0xc4 Core/Src/game.o
                0x00000000080017ec                display_board
 .text.update_board
                0x00000000080018b0      0x1bc Core/Src/game.o
                0x00000000080018b0                update_board
 .text.move_ball
                0x0000000008001a6c       0xbc Core/Src/game.o
                0x0000000008001a6c                move_ball
 .text.init_ball
                0x0000000008001b28       0x3c Core/Src/game.o
                0x0000000008001b28                init_ball
 .text.random_goal
                0x0000000008001b64       0x78 Core/Src/game.o
                0x0000000008001b64                random_goal
 .text.game_check
                0x0000000008001bdc       0xd4 Core/Src/game.o
                0x0000000008001bdc                game_check
 .text.set_score
                0x0000000008001cb0       0x1e Core/Src/game.o
                0x0000000008001cb0                set_score
 *fill*         0x0000000008001cce        0x2 
 .text.print_info
                0x0000000008001cd0       0x90 Core/Src/game.o
                0x0000000008001cd0                print_info
 .text.init_game
                0x0000000008001d60       0x46 Core/Src/game.o
                0x0000000008001d60                init_game
 *fill*         0x0000000008001da6        0x2 
 .text.main     0x0000000008001da8       0xd4 Core/Src/main.o
                0x0000000008001da8                main
 .text.SystemClock_Config
                0x0000000008001e7c      0x140 Core/Src/main.o
                0x0000000008001e7c                SystemClock_Config
 .text.MX_I2C1_Init
                0x0000000008001fbc       0x80 Core/Src/main.o
 .text.MX_I2C2_Init
                0x000000000800203c       0x80 Core/Src/main.o
 .text.MX_RNG_Init
                0x00000000080020bc       0x28 Core/Src/main.o
 .text.MX_SPI2_Init
                0x00000000080020e4       0x7c Core/Src/main.o
 .text.MX_TIM2_Init
                0x0000000008002160       0xac Core/Src/main.o
 .text.MX_USART2_UART_Init
                0x000000000800220c       0x60 Core/Src/main.o
 .text.MX_GPIO_Init
                0x000000000800226c      0x39c Core/Src/main.o
 .text.HAL_UART_RxCpltCallback
                0x0000000008002608       0x24 Core/Src/main.o
                0x0000000008002608                HAL_UART_RxCpltCallback
 .text.print_scores
                0x000000000800262c      0x178 Core/Src/main.o
                0x000000000800262c                print_scores
 .text.HAL_TIM_OC_DelayElapsedCallback
                0x00000000080027a4       0x2c Core/Src/main.o
                0x00000000080027a4                HAL_TIM_OC_DelayElapsedCallback
 .text.StartDefaultTask
                0x00000000080027d0      0x154 Core/Src/main.o
                0x00000000080027d0                StartDefaultTask
 .text.HAL_TIM_PeriodElapsedCallback
                0x0000000008002924       0x24 Core/Src/main.o
                0x0000000008002924                HAL_TIM_PeriodElapsedCallback
 .text.Error_Handler
                0x0000000008002948        0xe Core/Src/main.o
                0x0000000008002948                Error_Handler
 .text.init_gyro
                0x0000000008002956       0x50 Core/Src/mygyro.o
                0x0000000008002956                init_gyro
 .text.update_gyro
                0x00000000080029a6       0x92 Core/Src/mygyro.o
                0x00000000080029a6                update_gyro
 .text.get_measurement
                0x0000000008002a38       0x74 Core/Src/mygyro.o
                0x0000000008002a38                get_measurement
 .text.calibrate_gyro
                0x0000000008002aac      0x1a8 Core/Src/mygyro.o
                0x0000000008002aac                calibrate_gyro
 .text.HAL_MspInit
                0x0000000008002c54       0x50 Core/Src/stm32l4xx_hal_msp.o
                0x0000000008002c54                HAL_MspInit
 .text.HAL_I2C_MspInit
                0x0000000008002ca4       0xe8 Core/Src/stm32l4xx_hal_msp.o
                0x0000000008002ca4                HAL_I2C_MspInit
 .text.HAL_RNG_MspInit
                0x0000000008002d8c       0x40 Core/Src/stm32l4xx_hal_msp.o
                0x0000000008002d8c                HAL_RNG_MspInit
 .text.HAL_SPI_MspInit
                0x0000000008002dcc       0x88 Core/Src/stm32l4xx_hal_msp.o
                0x0000000008002dcc                HAL_SPI_MspInit
 .text.HAL_TIM_OC_MspInit
                0x0000000008002e54       0x48 Core/Src/stm32l4xx_hal_msp.o
                0x0000000008002e54                HAL_TIM_OC_MspInit
 .text.HAL_UART_MspInit
                0x0000000008002e9c       0x98 Core/Src/stm32l4xx_hal_msp.o
                0x0000000008002e9c                HAL_UART_MspInit
 .text.HAL_InitTick
                0x0000000008002f34       0xac Core/Src/stm32l4xx_hal_timebase_tim.o
                0x0000000008002f34                HAL_InitTick
 .text.NMI_Handler
                0x0000000008002fe0        0xe Core/Src/stm32l4xx_it.o
                0x0000000008002fe0                NMI_Handler
 .text.HardFault_Handler
                0x0000000008002fee        0x6 Core/Src/stm32l4xx_it.o
                0x0000000008002fee                HardFault_Handler
 .text.MemManage_Handler
                0x0000000008002ff4        0x6 Core/Src/stm32l4xx_it.o
                0x0000000008002ff4                MemManage_Handler
 .text.BusFault_Handler
                0x0000000008002ffa        0x6 Core/Src/stm32l4xx_it.o
                0x0000000008002ffa                BusFault_Handler
 .text.UsageFault_Handler
                0x0000000008003000        0x6 Core/Src/stm32l4xx_it.o
                0x0000000008003000                UsageFault_Handler
 .text.DebugMon_Handler
                0x0000000008003006        0xe Core/Src/stm32l4xx_it.o
                0x0000000008003006                DebugMon_Handler
 .text.TIM2_IRQHandler
                0x0000000008003014       0x14 Core/Src/stm32l4xx_it.o
                0x0000000008003014                TIM2_IRQHandler
 .text.USART2_IRQHandler
                0x0000000008003028       0x14 Core/Src/stm32l4xx_it.o
                0x0000000008003028                USART2_IRQHandler
 .text.TIM6_DAC_IRQHandler
                0x000000000800303c       0x14 Core/Src/stm32l4xx_it.o
                0x000000000800303c                TIM6_DAC_IRQHandler
 .text._sbrk    0x0000000008003050       0x58 Core/Src/sysmem.o
                0x0000000008003050                _sbrk
 .text.SystemInit
                0x00000000080030a8       0x6c Core/Src/system_stm32l4xx.o
                0x00000000080030a8                SystemInit
 .text.Reset_Handler
                0x0000000008003114       0x50 Core/Startup/startup_stm32l476vgtx.o
                0x0000000008003114                Reset_Handler
 .text.Default_Handler
                0x0000000008003164        0x2 Core/Startup/startup_stm32l476vgtx.o
                0x0000000008003164                RTC_Alarm_IRQHandler
                0x0000000008003164                EXTI2_IRQHandler
                0x0000000008003164                TIM8_TRG_COM_IRQHandler
                0x0000000008003164                TIM8_CC_IRQHandler
                0x0000000008003164                TIM1_CC_IRQHandler
                0x0000000008003164                TSC_IRQHandler
                0x0000000008003164                TAMP_STAMP_IRQHandler
                0x0000000008003164                EXTI3_IRQHandler
                0x0000000008003164                LPTIM2_IRQHandler
                0x0000000008003164                DFSDM1_FLT1_IRQHandler
                0x0000000008003164                I2C3_ER_IRQHandler
                0x0000000008003164                DFSDM1_FLT2_IRQHandler
                0x0000000008003164                EXTI0_IRQHandler
                0x0000000008003164                I2C2_EV_IRQHandler
                0x0000000008003164                CAN1_RX0_IRQHandler
                0x0000000008003164                FPU_IRQHandler
                0x0000000008003164                TIM1_UP_TIM16_IRQHandler
                0x0000000008003164                ADC1_2_IRQHandler
                0x0000000008003164                SPI1_IRQHandler
                0x0000000008003164                TIM8_UP_IRQHandler
                0x0000000008003164                DMA2_Channel2_IRQHandler
                0x0000000008003164                DMA1_Channel4_IRQHandler
                0x0000000008003164                SAI2_IRQHandler
                0x0000000008003164                DFSDM1_FLT3_IRQHandler
                0x0000000008003164                USART3_IRQHandler
                0x0000000008003164                DMA1_Channel7_IRQHandler
                0x0000000008003164                CAN1_RX1_IRQHandler
                0x0000000008003164                LCD_IRQHandler
                0x0000000008003164                UART5_IRQHandler
                0x0000000008003164                ADC3_IRQHandler
                0x0000000008003164                TIM4_IRQHandler
                0x0000000008003164                DMA2_Channel1_IRQHandler
                0x0000000008003164                QUADSPI_IRQHandler
                0x0000000008003164                I2C1_EV_IRQHandler
                0x0000000008003164                DMA1_Channel6_IRQHandler
                0x0000000008003164                UART4_IRQHandler
                0x0000000008003164                DMA2_Channel4_IRQHandler
                0x0000000008003164                TIM3_IRQHandler
                0x0000000008003164                RCC_IRQHandler
                0x0000000008003164                DMA1_Channel1_IRQHandler
                0x0000000008003164                Default_Handler
                0x0000000008003164                DMA2_Channel7_IRQHandler
                0x0000000008003164                EXTI15_10_IRQHandler
                0x0000000008003164                TIM7_IRQHandler
                0x0000000008003164                SDMMC1_IRQHandler
                0x0000000008003164                TIM5_IRQHandler
                0x0000000008003164                I2C3_EV_IRQHandler
                0x0000000008003164                EXTI9_5_IRQHandler
                0x0000000008003164                RTC_WKUP_IRQHandler
                0x0000000008003164                PVD_PVM_IRQHandler
                0x0000000008003164                SPI2_IRQHandler
                0x0000000008003164                CAN1_TX_IRQHandler
                0x0000000008003164                DMA2_Channel5_IRQHandler
                0x0000000008003164                DMA1_Channel5_IRQHandler
                0x0000000008003164                EXTI4_IRQHandler
                0x0000000008003164                RNG_IRQHandler
                0x0000000008003164                TIM1_TRG_COM_TIM17_IRQHandler
                0x0000000008003164                DMA1_Channel3_IRQHandler
                0x0000000008003164                COMP_IRQHandler
                0x0000000008003164                WWDG_IRQHandler
                0x0000000008003164                LPUART1_IRQHandler
                0x0000000008003164                DMA2_Channel6_IRQHandler
                0x0000000008003164                EXTI1_IRQHandler
                0x0000000008003164                DFSDM1_FLT0_IRQHandler
                0x0000000008003164                I2C2_ER_IRQHandler
                0x0000000008003164                DMA1_Channel2_IRQHandler
                0x0000000008003164                TIM8_BRK_IRQHandler
                0x0000000008003164                CAN1_SCE_IRQHandler
                0x0000000008003164                FLASH_IRQHandler
                0x0000000008003164                USART1_IRQHandler
                0x0000000008003164                OTG_FS_IRQHandler
                0x0000000008003164                SPI3_IRQHandler
                0x0000000008003164                I2C1_ER_IRQHandler
                0x0000000008003164                FMC_IRQHandler
                0x0000000008003164                SWPMI1_IRQHandler
                0x0000000008003164                LPTIM1_IRQHandler
                0x0000000008003164                SAI1_IRQHandler
                0x0000000008003164                DMA2_Channel3_IRQHandler
                0x0000000008003164                TIM1_BRK_TIM15_IRQHandler
 *fill*         0x0000000008003166        0x2 
 .text.HAL_Init
                0x0000000008003168       0x40 Drivers/STM32L4xx_HAL_Driver/Src/stm32l4xx_hal.o
                0x0000000008003168                HAL_Init
 .text.HAL_IncTick
                0x00000000080031a8       0x24 Drivers/STM32L4xx_HAL_Driver/Src/stm32l4xx_hal.o
                0x00000000080031a8                HAL_IncTick
 .text.HAL_GetTick
                0x00000000080031cc       0x18 Drivers/STM32L4xx_HAL_Driver/Src/stm32l4xx_hal.o
                0x00000000080031cc                HAL_GetTick
 .text.HAL_Delay
                0x00000000080031e4       0x44 Drivers/STM32L4xx_HAL_Driver/Src/stm32l4xx_hal.o
                0x00000000080031e4                HAL_Delay
 .text.__NVIC_SetPriorityGrouping
                0x0000000008003228       0x48 Drivers/STM32L4xx_HAL_Driver/Src/stm32l4xx_hal_cortex.o
 .text.__NVIC_GetPriorityGrouping
                0x0000000008003270       0x1c Drivers/STM32L4xx_HAL_Driver/Src/stm32l4xx_hal_cortex.o
 .text.__NVIC_EnableIRQ
                0x000000000800328c       0x3c Drivers/STM32L4xx_HAL_Driver/Src/stm32l4xx_hal_cortex.o
 .text.__NVIC_SetPriority
                0x00000000080032c8       0x54 Drivers/STM32L4xx_HAL_Driver/Src/stm32l4xx_hal_cortex.o
 .text.NVIC_EncodePriority
                0x000000000800331c       0x66 Drivers/STM32L4xx_HAL_Driver/Src/stm32l4xx_hal_cortex.o
 .text.HAL_NVIC_SetPriorityGrouping
                0x0000000008003382       0x16 Drivers/STM32L4xx_HAL_Driver/Src/stm32l4xx_hal_cortex.o
                0x0000000008003382                HAL_NVIC_SetPriorityGrouping
 .text.HAL_NVIC_SetPriority
                0x0000000008003398       0x38 Drivers/STM32L4xx_HAL_Driver/Src/stm32l4xx_hal_cortex.o
                0x0000000008003398                HAL_NVIC_SetPriority
 .text.HAL_NVIC_EnableIRQ
                0x00000000080033d0       0x1c Drivers/STM32L4xx_HAL_Driver/Src/stm32l4xx_hal_cortex.o
                0x00000000080033d0                HAL_NVIC_EnableIRQ
 .text.HAL_DMA_Abort_IT
                0x00000000080033ec       0x82 Drivers/STM32L4xx_HAL_Driver/Src/stm32l4xx_hal_dma.o
                0x00000000080033ec                HAL_DMA_Abort_IT
 *fill*         0x000000000800346e        0x2 
 .text.HAL_GPIO_Init
                0x0000000008003470      0x350 Drivers/STM32L4xx_HAL_Driver/Src/stm32l4xx_hal_gpio.o
                0x0000000008003470                HAL_GPIO_Init
 .text.HAL_GPIO_WritePin
                0x00000000080037c0       0x30 Drivers/STM32L4xx_HAL_Driver/Src/stm32l4xx_hal_gpio.o
                0x00000000080037c0                HAL_GPIO_WritePin
 .text.HAL_GPIO_TogglePin
                0x00000000080037f0       0x32 Drivers/STM32L4xx_HAL_Driver/Src/stm32l4xx_hal_gpio.o
                0x00000000080037f0                HAL_GPIO_TogglePin
 .text.HAL_I2C_Init
                0x0000000008003822      0x11e Drivers/STM32L4xx_HAL_Driver/Src/stm32l4xx_hal_i2c.o
                0x0000000008003822                HAL_I2C_Init
 .text.HAL_I2CEx_ConfigAnalogFilter
                0x0000000008003940       0x96 Drivers/STM32L4xx_HAL_Driver/Src/stm32l4xx_hal_i2c_ex.o
                0x0000000008003940                HAL_I2CEx_ConfigAnalogFilter
 .text.HAL_I2CEx_ConfigDigitalFilter
                0x00000000080039d6       0x98 Drivers/STM32L4xx_HAL_Driver/Src/stm32l4xx_hal_i2c_ex.o
                0x00000000080039d6                HAL_I2CEx_ConfigDigitalFilter
 *fill*         0x0000000008003a6e        0x2 
 .text.HAL_PWR_EnableBkUpAccess
                0x0000000008003a70       0x20 Drivers/STM32L4xx_HAL_Driver/Src/stm32l4xx_hal_pwr.o
                0x0000000008003a70                HAL_PWR_EnableBkUpAccess
 .text.HAL_PWREx_GetVoltageRange
                0x0000000008003a90       0x1c Drivers/STM32L4xx_HAL_Driver/Src/stm32l4xx_hal_pwr_ex.o
                0x0000000008003a90                HAL_PWREx_GetVoltageRange
 .text.HAL_PWREx_ControlVoltageScaling
                0x0000000008003aac       0xac Drivers/STM32L4xx_HAL_Driver/Src/stm32l4xx_hal_pwr_ex.o
                0x0000000008003aac                HAL_PWREx_ControlVoltageScaling
 .text.HAL_RCC_OscConfig
                0x0000000008003b58      0x7cc Drivers/STM32L4xx_HAL_Driver/Src/stm32l4xx_hal_rcc.o
                0x0000000008003b58                HAL_RCC_OscConfig
 .text.HAL_RCC_ClockConfig
                0x0000000008004324      0x1c4 Drivers/STM32L4xx_HAL_Driver/Src/stm32l4xx_hal_rcc.o
                0x0000000008004324                HAL_RCC_ClockConfig
 .text.HAL_RCC_GetSysClockFreq
                0x00000000080044e8      0x114 Drivers/STM32L4xx_HAL_Driver/Src/stm32l4xx_hal_rcc.o
                0x00000000080044e8                HAL_RCC_GetSysClockFreq
 .text.HAL_RCC_GetHCLKFreq
                0x00000000080045fc       0x18 Drivers/STM32L4xx_HAL_Driver/Src/stm32l4xx_hal_rcc.o
                0x00000000080045fc                HAL_RCC_GetHCLKFreq
 .text.HAL_RCC_GetPCLK1Freq
                0x0000000008004614       0x2c Drivers/STM32L4xx_HAL_Driver/Src/stm32l4xx_hal_rcc.o
                0x0000000008004614                HAL_RCC_GetPCLK1Freq
 .text.HAL_RCC_GetPCLK2Freq
                0x0000000008004640       0x2c Drivers/STM32L4xx_HAL_Driver/Src/stm32l4xx_hal_rcc.o
                0x0000000008004640                HAL_RCC_GetPCLK2Freq
 .text.HAL_RCC_GetClockConfig
                0x000000000800466c       0x64 Drivers/STM32L4xx_HAL_Driver/Src/stm32l4xx_hal_rcc.o
                0x000000000800466c                HAL_RCC_GetClockConfig
 .text.RCC_SetFlashLatencyFromMSIRange
                0x00000000080046d0       0xc0 Drivers/STM32L4xx_HAL_Driver/Src/stm32l4xx_hal_rcc.o
 .text.HAL_RCCEx_PeriphCLKConfig
                0x0000000008004790      0x5cc Drivers/STM32L4xx_HAL_Driver/Src/stm32l4xx_hal_rcc_ex.o
                0x0000000008004790                HAL_RCCEx_PeriphCLKConfig
 .text.HAL_RCCEx_EnableMSIPLLMode
                0x0000000008004d5c       0x20 Drivers/STM32L4xx_HAL_Driver/Src/stm32l4xx_hal_rcc_ex.o
                0x0000000008004d5c                HAL_RCCEx_EnableMSIPLLMode
 .text.RCCEx_PLLSAI1_Config
                0x0000000008004d7c      0x1e0 Drivers/STM32L4xx_HAL_Driver/Src/stm32l4xx_hal_rcc_ex.o
 .text.RCCEx_PLLSAI2_Config
                0x0000000008004f5c      0x1b4 Drivers/STM32L4xx_HAL_Driver/Src/stm32l4xx_hal_rcc_ex.o
 .text.HAL_RNG_Init
                0x0000000008005110       0xa0 Drivers/STM32L4xx_HAL_Driver/Src/stm32l4xx_hal_rng.o
                0x0000000008005110                HAL_RNG_Init
 .text.HAL_RNG_GenerateRandomNumber
                0x00000000080051b0       0x9e Drivers/STM32L4xx_HAL_Driver/Src/stm32l4xx_hal_rng.o
                0x00000000080051b0                HAL_RNG_GenerateRandomNumber
 .text.HAL_SPI_Init
                0x000000000800524e      0x114 Drivers/STM32L4xx_HAL_Driver/Src/stm32l4xx_hal_spi.o
                0x000000000800524e                HAL_SPI_Init
 .text.HAL_SPI_GetState
                0x0000000008005362       0x1c Drivers/STM32L4xx_HAL_Driver/Src/stm32l4xx_hal_spi.o
                0x0000000008005362                HAL_SPI_GetState
 .text.HAL_TIM_Base_Init
                0x000000000800537e       0x56 Drivers/STM32L4xx_HAL_Driver/Src/stm32l4xx_hal_tim.o
                0x000000000800537e                HAL_TIM_Base_Init
 .text.HAL_TIM_Base_MspInit
                0x00000000080053d4       0x14 Drivers/STM32L4xx_HAL_Driver/Src/stm32l4xx_hal_tim.o
                0x00000000080053d4                HAL_TIM_Base_MspInit
 .text.HAL_TIM_Base_Start_IT
                0x00000000080053e8       0x54 Drivers/STM32L4xx_HAL_Driver/Src/stm32l4xx_hal_tim.o
                0x00000000080053e8                HAL_TIM_Base_Start_IT
 .text.HAL_TIM_OC_Init
                0x000000000800543c       0x56 Drivers/STM32L4xx_HAL_Driver/Src/stm32l4xx_hal_tim.o
                0x000000000800543c                HAL_TIM_OC_Init
 *fill*         0x0000000008005492        0x2 
 .text.HAL_TIM_OC_Start_IT
                0x0000000008005494      0x13c Drivers/STM32L4xx_HAL_Driver/Src/stm32l4xx_hal_tim.o
                0x0000000008005494                HAL_TIM_OC_Start_IT
 .text.HAL_TIM_OC_Stop_IT
                0x00000000080055d0      0x160 Drivers/STM32L4xx_HAL_Driver/Src/stm32l4xx_hal_tim.o
                0x00000000080055d0                HAL_TIM_OC_Stop_IT
 .text.HAL_TIM_IRQHandler
                0x0000000008005730      0x23e Drivers/STM32L4xx_HAL_Driver/Src/stm32l4xx_hal_tim.o
                0x0000000008005730                HAL_TIM_IRQHandler
 *fill*         0x000000000800596e        0x2 
 .text.HAL_TIM_OC_ConfigChannel
                0x0000000008005970       0xfc Drivers/STM32L4xx_HAL_Driver/Src/stm32l4xx_hal_tim.o
                0x0000000008005970                HAL_TIM_OC_ConfigChannel
 .text.HAL_TIM_IC_CaptureCallback
                0x0000000008005a6c       0x14 Drivers/STM32L4xx_HAL_Driver/Src/stm32l4xx_hal_tim.o
                0x0000000008005a6c                HAL_TIM_IC_CaptureCallback
 .text.HAL_TIM_PWM_PulseFinishedCallback
                0x0000000008005a80       0x14 Drivers/STM32L4xx_HAL_Driver/Src/stm32l4xx_hal_tim.o
                0x0000000008005a80                HAL_TIM_PWM_PulseFinishedCallback
 .text.HAL_TIM_TriggerCallback
                0x0000000008005a94       0x14 Drivers/STM32L4xx_HAL_Driver/Src/stm32l4xx_hal_tim.o
                0x0000000008005a94                HAL_TIM_TriggerCallback
 .text.TIM_Base_SetConfig
                0x0000000008005aa8      0x134 Drivers/STM32L4xx_HAL_Driver/Src/stm32l4xx_hal_tim.o
                0x0000000008005aa8                TIM_Base_SetConfig
 .text.TIM_OC1_SetConfig
                0x0000000008005bdc      0x120 Drivers/STM32L4xx_HAL_Driver/Src/stm32l4xx_hal_tim.o
 .text.TIM_OC2_SetConfig
                0x0000000008005cfc      0x114 Drivers/STM32L4xx_HAL_Driver/Src/stm32l4xx_hal_tim.o
                0x0000000008005cfc                TIM_OC2_SetConfig
 .text.TIM_OC3_SetConfig
                0x0000000008005e10      0x110 Drivers/STM32L4xx_HAL_Driver/Src/stm32l4xx_hal_tim.o
 .text.TIM_OC4_SetConfig
                0x0000000008005f20       0xd4 Drivers/STM32L4xx_HAL_Driver/Src/stm32l4xx_hal_tim.o
 .text.TIM_OC5_SetConfig
                0x0000000008005ff4       0xc8 Drivers/STM32L4xx_HAL_Driver/Src/stm32l4xx_hal_tim.o
 .text.TIM_OC6_SetConfig
                0x00000000080060bc       0xcc Drivers/STM32L4xx_HAL_Driver/Src/stm32l4xx_hal_tim.o
 .text.TIM_CCxChannelCmd
                0x0000000008006188       0x4a Drivers/STM32L4xx_HAL_Driver/Src/stm32l4xx_hal_tim.o
                0x0000000008006188                TIM_CCxChannelCmd
 *fill*         0x00000000080061d2        0x2 
 .text.HAL_TIMEx_MasterConfigSynchronization
                0x00000000080061d4      0x110 Drivers/STM32L4xx_HAL_Driver/Src/stm32l4xx_hal_tim_ex.o
                0x00000000080061d4                HAL_TIMEx_MasterConfigSynchronization
 .text.HAL_TIMEx_CommutCallback
                0x00000000080062e4       0x14 Drivers/STM32L4xx_HAL_Driver/Src/stm32l4xx_hal_tim_ex.o
                0x00000000080062e4                HAL_TIMEx_CommutCallback
 .text.HAL_TIMEx_BreakCallback
                0x00000000080062f8       0x14 Drivers/STM32L4xx_HAL_Driver/Src/stm32l4xx_hal_tim_ex.o
                0x00000000080062f8                HAL_TIMEx_BreakCallback
 .text.HAL_TIMEx_Break2Callback
                0x000000000800630c       0x14 Drivers/STM32L4xx_HAL_Driver/Src/stm32l4xx_hal_tim_ex.o
                0x000000000800630c                HAL_TIMEx_Break2Callback
 .text.HAL_UART_Init
                0x0000000008006320       0x9c Drivers/STM32L4xx_HAL_Driver/Src/stm32l4xx_hal_uart.o
                0x0000000008006320                HAL_UART_Init
 .text.HAL_UART_Transmit
                0x00000000080063bc      0x126 Drivers/STM32L4xx_HAL_Driver/Src/stm32l4xx_hal_uart.o
                0x00000000080063bc                HAL_UART_Transmit
 *fill*         0x00000000080064e2        0x2 
 .text.HAL_UART_Receive_IT
                0x00000000080064e4      0x144 Drivers/STM32L4xx_HAL_Driver/Src/stm32l4xx_hal_uart.o
                0x00000000080064e4                HAL_UART_Receive_IT
 .text.HAL_UART_IRQHandler
                0x0000000008006628      0x28c Drivers/STM32L4xx_HAL_Driver/Src/stm32l4xx_hal_uart.o
                0x0000000008006628                HAL_UART_IRQHandler
 .text.HAL_UART_TxCpltCallback
                0x00000000080068b4       0x14 Drivers/STM32L4xx_HAL_Driver/Src/stm32l4xx_hal_uart.o
                0x00000000080068b4                HAL_UART_TxCpltCallback
 .text.HAL_UART_ErrorCallback
                0x00000000080068c8       0x14 Drivers/STM32L4xx_HAL_Driver/Src/stm32l4xx_hal_uart.o
                0x00000000080068c8                HAL_UART_ErrorCallback
 .text.UART_SetConfig
                0x00000000080068dc      0x6e4 Drivers/STM32L4xx_HAL_Driver/Src/stm32l4xx_hal_uart.o
                0x00000000080068dc                UART_SetConfig
 .text.UART_AdvFeatureConfig
                0x0000000008006fc0      0x144 Drivers/STM32L4xx_HAL_Driver/Src/stm32l4xx_hal_uart.o
                0x0000000008006fc0                UART_AdvFeatureConfig
 .text.UART_CheckIdleState
                0x0000000008007104       0x8a Drivers/STM32L4xx_HAL_Driver/Src/stm32l4xx_hal_uart.o
                0x0000000008007104                UART_CheckIdleState
 .text.UART_WaitOnFlagUntilTimeout
                0x000000000800718e       0xf6 Drivers/STM32L4xx_HAL_Driver/Src/stm32l4xx_hal_uart.o
                0x000000000800718e                UART_WaitOnFlagUntilTimeout
 .text.UART_EndRxTransfer
                0x0000000008007284       0x40 Drivers/STM32L4xx_HAL_Driver/Src/stm32l4xx_hal_uart.o
 .text.UART_DMAAbortOnError
                0x00000000080072c4       0x2c Drivers/STM32L4xx_HAL_Driver/Src/stm32l4xx_hal_uart.o
 .text.UART_EndTransmit_IT
                0x00000000080072f0       0x32 Drivers/STM32L4xx_HAL_Driver/Src/stm32l4xx_hal_uart.o
 .text.UART_RxISR_8BIT
                0x0000000008007322       0xaa Drivers/STM32L4xx_HAL_Driver/Src/stm32l4xx_hal_uart.o
 .text.UART_RxISR_16BIT
                0x00000000080073cc       0xaa Drivers/STM32L4xx_HAL_Driver/Src/stm32l4xx_hal_uart.o
 .text.HAL_UARTEx_WakeupCallback
                0x0000000008007476       0x14 Drivers/STM32L4xx_HAL_Driver/Src/stm32l4xx_hal_uart_ex.o
                0x0000000008007476                HAL_UARTEx_WakeupCallback
 .text.SVC_Setup
                0x000000000800748a        0xe Middlewares/Third_Party/FreeRTOS/Source/CMSIS_RTOS_V2/cmsis_os2.o
 .text.osKernelInitialize
                0x0000000008007498       0x68 Middlewares/Third_Party/FreeRTOS/Source/CMSIS_RTOS_V2/cmsis_os2.o
                0x0000000008007498                osKernelInitialize
 .text.osKernelStart
                0x0000000008007500       0x6c Middlewares/Third_Party/FreeRTOS/Source/CMSIS_RTOS_V2/cmsis_os2.o
                0x0000000008007500                osKernelStart
 .text.osThreadNew
                0x000000000800756c      0x14c Middlewares/Third_Party/FreeRTOS/Source/CMSIS_RTOS_V2/cmsis_os2.o
                0x000000000800756c                osThreadNew
 .text.osMutexNew
                0x00000000080076b8      0x134 Middlewares/Third_Party/FreeRTOS/Source/CMSIS_RTOS_V2/cmsis_os2.o
                0x00000000080076b8                osMutexNew
 .text.vApplicationGetIdleTaskMemory
                0x00000000080077ec       0x34 Middlewares/Third_Party/FreeRTOS/Source/CMSIS_RTOS_V2/cmsis_os2.o
                0x00000000080077ec                vApplicationGetIdleTaskMemory
 .text.vApplicationGetTimerTaskMemory
                0x0000000008007820       0x34 Middlewares/Third_Party/FreeRTOS/Source/CMSIS_RTOS_V2/cmsis_os2.o
                0x0000000008007820                vApplicationGetTimerTaskMemory
 .text.vListInitialise
                0x0000000008007854       0x40 Middlewares/Third_Party/FreeRTOS/Source/list.o
                0x0000000008007854                vListInitialise
 .text.vListInitialiseItem
                0x0000000008007894       0x1a Middlewares/Third_Party/FreeRTOS/Source/list.o
                0x0000000008007894                vListInitialiseItem
 .text.vListInsertEnd
                0x00000000080078ae       0x48 Middlewares/Third_Party/FreeRTOS/Source/list.o
                0x00000000080078ae                vListInsertEnd
 .text.vListInsert
                0x00000000080078f6       0x72 Middlewares/Third_Party/FreeRTOS/Source/list.o
                0x00000000080078f6                vListInsert
 .text.uxListRemove
                0x0000000008007968       0x54 Middlewares/Third_Party/FreeRTOS/Source/list.o
                0x0000000008007968                uxListRemove
 .text.xQueueGenericReset
                0x00000000080079bc       0xd0 Middlewares/Third_Party/FreeRTOS/Source/queue.o
                0x00000000080079bc                xQueueGenericReset
 .text.xQueueGenericCreateStatic
                0x0000000008007a8c       0xe6 Middlewares/Third_Party/FreeRTOS/Source/queue.o
                0x0000000008007a8c                xQueueGenericCreateStatic
 .text.xQueueGenericCreate
                0x0000000008007b72       0x7e Middlewares/Third_Party/FreeRTOS/Source/queue.o
                0x0000000008007b72                xQueueGenericCreate
 .text.prvInitialiseNewQueue
                0x0000000008007bf0       0x46 Middlewares/Third_Party/FreeRTOS/Source/queue.o
 .text.prvInitialiseMutex
                0x0000000008007c36       0x34 Middlewares/Third_Party/FreeRTOS/Source/queue.o
 .text.xQueueCreateMutex
                0x0000000008007c6a       0x30 Middlewares/Third_Party/FreeRTOS/Source/queue.o
                0x0000000008007c6a                xQueueCreateMutex
 .text.xQueueCreateMutexStatic
                0x0000000008007c9a       0x36 Middlewares/Third_Party/FreeRTOS/Source/queue.o
                0x0000000008007c9a                xQueueCreateMutexStatic
 .text.xQueueGenericSend
                0x0000000008007cd0      0x1f4 Middlewares/Third_Party/FreeRTOS/Source/queue.o
                0x0000000008007cd0                xQueueGenericSend
 .text.xQueueGenericSendFromISR
                0x0000000008007ec4      0x128 Middlewares/Third_Party/FreeRTOS/Source/queue.o
                0x0000000008007ec4                xQueueGenericSendFromISR
 .text.xQueueReceive
                0x0000000008007fec      0x1b8 Middlewares/Third_Party/FreeRTOS/Source/queue.o
                0x0000000008007fec                xQueueReceive
 .text.prvCopyDataToQueue
                0x00000000080081a4       0xd4 Middlewares/Third_Party/FreeRTOS/Source/queue.o
 .text.prvCopyDataFromQueue
                0x0000000008008278       0x4c Middlewares/Third_Party/FreeRTOS/Source/queue.o
 .text.prvUnlockQueue
                0x00000000080082c4       0xa4 Middlewares/Third_Party/FreeRTOS/Source/queue.o
 .text.prvIsQueueEmpty
                0x0000000008008368       0x2c Middlewares/Third_Party/FreeRTOS/Source/queue.o
 .text.prvIsQueueFull
                0x0000000008008394       0x30 Middlewares/Third_Party/FreeRTOS/Source/queue.o
 .text.vQueueAddToRegistry
                0x00000000080083c4       0x50 Middlewares/Third_Party/FreeRTOS/Source/queue.o
                0x00000000080083c4                vQueueAddToRegistry
 .text.vQueueWaitForMessageRestricted
                0x0000000008008414       0x68 Middlewares/Third_Party/FreeRTOS/Source/queue.o
                0x0000000008008414                vQueueWaitForMessageRestricted
 .text.xTaskCreateStatic
                0x000000000800847c       0xb4 Middlewares/Third_Party/FreeRTOS/Source/tasks.o
                0x000000000800847c                xTaskCreateStatic
 .text.xTaskCreate
                0x0000000008008530       0x8a Middlewares/Third_Party/FreeRTOS/Source/tasks.o
                0x0000000008008530                xTaskCreate
 .text.prvInitialiseNewTask
                0x00000000080085ba      0x11c Middlewares/Third_Party/FreeRTOS/Source/tasks.o
 *fill*         0x00000000080086d6        0x2 
 .text.prvAddNewTaskToReadyList
                0x00000000080086d8       0xe0 Middlewares/Third_Party/FreeRTOS/Source/tasks.o
 .text.vTaskStartScheduler
                0x00000000080087b8       0xc8 Middlewares/Third_Party/FreeRTOS/Source/tasks.o
                0x00000000080087b8                vTaskStartScheduler
 .text.vTaskSuspendAll
                0x0000000008008880       0x1c Middlewares/Third_Party/FreeRTOS/Source/tasks.o
                0x0000000008008880                vTaskSuspendAll
 .text.xTaskResumeAll
                0x000000000800889c      0x138 Middlewares/Third_Party/FreeRTOS/Source/tasks.o
                0x000000000800889c                xTaskResumeAll
 .text.xTaskGetTickCount
                0x00000000080089d4       0x20 Middlewares/Third_Party/FreeRTOS/Source/tasks.o
                0x00000000080089d4                xTaskGetTickCount
 .text.xTaskIncrementTick
                0x00000000080089f4      0x170 Middlewares/Third_Party/FreeRTOS/Source/tasks.o
                0x00000000080089f4                xTaskIncrementTick
 .text.vTaskSwitchContext
                0x0000000008008b64       0xb8 Middlewares/Third_Party/FreeRTOS/Source/tasks.o
                0x0000000008008b64                vTaskSwitchContext
 .text.vTaskPlaceOnEventList
                0x0000000008008c1c       0x48 Middlewares/Third_Party/FreeRTOS/Source/tasks.o
                0x0000000008008c1c                vTaskPlaceOnEventList
 .text.vTaskPlaceOnEventListRestricted
                0x0000000008008c64       0x54 Middlewares/Third_Party/FreeRTOS/Source/tasks.o
                0x0000000008008c64                vTaskPlaceOnEventListRestricted
 .text.xTaskRemoveFromEventList
                0x0000000008008cb8       0xc4 Middlewares/Third_Party/FreeRTOS/Source/tasks.o
                0x0000000008008cb8                xTaskRemoveFromEventList
 .text.vTaskInternalSetTimeOutState
                0x0000000008008d7c       0x2c Middlewares/Third_Party/FreeRTOS/Source/tasks.o
                0x0000000008008d7c                vTaskInternalSetTimeOutState
 .text.xTaskCheckForTimeOut
                0x0000000008008da8       0xc0 Middlewares/Third_Party/FreeRTOS/Source/tasks.o
                0x0000000008008da8                xTaskCheckForTimeOut
 .text.vTaskMissedYield
                0x0000000008008e68       0x18 Middlewares/Third_Party/FreeRTOS/Source/tasks.o
                0x0000000008008e68                vTaskMissedYield
 .text.prvIdleTask
                0x0000000008008e80       0x30 Middlewares/Third_Party/FreeRTOS/Source/tasks.o
 .text.prvInitialiseTaskLists
                0x0000000008008eb0       0x80 Middlewares/Third_Party/FreeRTOS/Source/tasks.o
 .text.prvCheckTasksWaitingTermination
                0x0000000008008f30       0x58 Middlewares/Third_Party/FreeRTOS/Source/tasks.o
 .text.prvDeleteTCB
                0x0000000008008f88       0x5c Middlewares/Third_Party/FreeRTOS/Source/tasks.o
 .text.prvResetNextTaskUnblockTime
                0x0000000008008fe4       0x40 Middlewares/Third_Party/FreeRTOS/Source/tasks.o
 .text.xTaskGetSchedulerState
                0x0000000008009024       0x3c Middlewares/Third_Party/FreeRTOS/Source/tasks.o
                0x0000000008009024                xTaskGetSchedulerState
 .text.xTaskPriorityDisinherit
                0x0000000008009060       0xd8 Middlewares/Third_Party/FreeRTOS/Source/tasks.o
                0x0000000008009060                xTaskPriorityDisinherit
 .text.prvAddCurrentTaskToDelayedList
                0x0000000008009138       0xa8 Middlewares/Third_Party/FreeRTOS/Source/tasks.o
 .text.xTimerCreateTimerTask
                0x00000000080091e0       0x90 Middlewares/Third_Party/FreeRTOS/Source/timers.o
                0x00000000080091e0                xTimerCreateTimerTask
 .text.xTimerGenericCommand
                0x0000000008009270       0x98 Middlewares/Third_Party/FreeRTOS/Source/timers.o
                0x0000000008009270                xTimerGenericCommand
 .text.prvProcessExpiredTimer
                0x0000000008009308       0x98 Middlewares/Third_Party/FreeRTOS/Source/timers.o
 .text.prvTimerTask
                0x00000000080093a0       0x24 Middlewares/Third_Party/FreeRTOS/Source/timers.o
 .text.prvProcessTimerOrBlockTask
                0x00000000080093c4       0x9c Middlewares/Third_Party/FreeRTOS/Source/timers.o
 .text.prvGetNextExpireTime
                0x0000000008009460       0x48 Middlewares/Third_Party/FreeRTOS/Source/timers.o
 .text.prvSampleTimeNow
                0x00000000080094a8       0x40 Middlewares/Third_Party/FreeRTOS/Source/timers.o
 .text.prvInsertTimerInActiveList
                0x00000000080094e8       0x84 Middlewares/Third_Party/FreeRTOS/Source/timers.o
 .text.prvProcessReceivedCommands
                0x000000000800956c      0x1b8 Middlewares/Third_Party/FreeRTOS/Source/timers.o
 .text.prvSwitchTimerLists
                0x0000000008009724       0xc8 Middlewares/Third_Party/FreeRTOS/Source/timers.o
 .text.prvCheckForValidListAndQueue
                0x00000000080097ec       0x80 Middlewares/Third_Party/FreeRTOS/Source/timers.o
 .text.pxPortInitialiseStack
                0x000000000800986c       0x68 Middlewares/Third_Party/FreeRTOS/Source/portable/GCC/ARM_CM4F/port.o
                0x000000000800986c                pxPortInitialiseStack
 .text.prvTaskExitError
                0x00000000080098d4       0x54 Middlewares/Third_Party/FreeRTOS/Source/portable/GCC/ARM_CM4F/port.o
 *fill*         0x0000000008009928        0x8 
 .text.SVC_Handler
                0x0000000008009930       0x28 Middlewares/Third_Party/FreeRTOS/Source/portable/GCC/ARM_CM4F/port.o
                0x0000000008009930                SVC_Handler
 .text.prvPortStartFirstTask
                0x0000000008009958       0x28 Middlewares/Third_Party/FreeRTOS/Source/portable/GCC/ARM_CM4F/port.o
 .text.xPortStartScheduler
                0x0000000008009980      0x13c Middlewares/Third_Party/FreeRTOS/Source/portable/GCC/ARM_CM4F/port.o
                0x0000000008009980                xPortStartScheduler
 .text.vPortEnterCritical
                0x0000000008009abc       0x5c Middlewares/Third_Party/FreeRTOS/Source/portable/GCC/ARM_CM4F/port.o
                0x0000000008009abc                vPortEnterCritical
 .text.vPortExitCritical
                0x0000000008009b18       0x50 Middlewares/Third_Party/FreeRTOS/Source/portable/GCC/ARM_CM4F/port.o
                0x0000000008009b18                vPortExitCritical
 *fill*         0x0000000008009b68        0x8 
 .text.PendSV_Handler
                0x0000000008009b70       0x68 Middlewares/Third_Party/FreeRTOS/Source/portable/GCC/ARM_CM4F/port.o
                0x0000000008009b70                PendSV_Handler
 .text.SysTick_Handler
                0x0000000008009bd8       0x40 Middlewares/Third_Party/FreeRTOS/Source/portable/GCC/ARM_CM4F/port.o
                0x0000000008009bd8                SysTick_Handler
 .text.vPortSetupTimerInterrupt
                0x0000000008009c18       0x48 Middlewares/Third_Party/FreeRTOS/Source/portable/GCC/ARM_CM4F/port.o
                0x0000000008009c18                vPortSetupTimerInterrupt
 .text.vPortEnableVFP
                0x0000000008009c60       0x14 Middlewares/Third_Party/FreeRTOS/Source/portable/GCC/ARM_CM4F/port.o
 .text.vPortValidateInterruptPriority
                0x0000000008009c74       0x7c Middlewares/Third_Party/FreeRTOS/Source/portable/GCC/ARM_CM4F/port.o
                0x0000000008009c74                vPortValidateInterruptPriority
 .text.pvPortMalloc
                0x0000000008009cf0      0x184 Middlewares/Third_Party/FreeRTOS/Source/portable/MemMang/heap_4.o
                0x0000000008009cf0                pvPortMalloc
 .text.vPortFree
                0x0000000008009e74       0xb0 Middlewares/Third_Party/FreeRTOS/Source/portable/MemMang/heap_4.o
                0x0000000008009e74                vPortFree
 .text.prvHeapInit
                0x0000000008009f24       0xc4 Middlewares/Third_Party/FreeRTOS/Source/portable/MemMang/heap_4.o
 .text.prvInsertBlockIntoFreeList
                0x0000000008009fe8       0xb4 Middlewares/Third_Party/FreeRTOS/Source/portable/MemMang/heap_4.o
 .text.__errno  0x000000000800a09c        0xc c:/st/stm32cubeide_1.3.0/stm32cubeide/plugins/com.st.stm32cube.ide.mcu.externaltools.gnu-tools-for-stm32.7-2018-q2-update.win32_1.0.0.201904181610/tools/bin/../lib/gcc/arm-none-eabi/7.3.1/../../../../arm-none-eabi/lib/thumb/v7e-m/fpv4-sp/hard\libc_nano.a(lib_a-errno.o)
                0x000000000800a09c                __errno
 .text.__libc_init_array
                0x000000000800a0a8       0x48 c:/st/stm32cubeide_1.3.0/stm32cubeide/plugins/com.st.stm32cube.ide.mcu.externaltools.gnu-tools-for-stm32.7-2018-q2-update.win32_1.0.0.201904181610/tools/bin/../lib/gcc/arm-none-eabi/7.3.1/../../../../arm-none-eabi/lib/thumb/v7e-m/fpv4-sp/hard\libc_nano.a(lib_a-init.o)
                0x000000000800a0a8                __libc_init_array
 .text.memcpy   0x000000000800a0f0       0x16 c:/st/stm32cubeide_1.3.0/stm32cubeide/plugins/com.st.stm32cube.ide.mcu.externaltools.gnu-tools-for-stm32.7-2018-q2-update.win32_1.0.0.201904181610/tools/bin/../lib/gcc/arm-none-eabi/7.3.1/../../../../arm-none-eabi/lib/thumb/v7e-m/fpv4-sp/hard\libc_nano.a(lib_a-memcpy-stub.o)
                0x000000000800a0f0                memcpy
 .text.memset   0x000000000800a106       0x10 c:/st/stm32cubeide_1.3.0/stm32cubeide/plugins/com.st.stm32cube.ide.mcu.externaltools.gnu-tools-for-stm32.7-2018-q2-update.win32_1.0.0.201904181610/tools/bin/../lib/gcc/arm-none-eabi/7.3.1/../../../../arm-none-eabi/lib/thumb/v7e-m/fpv4-sp/hard\libc_nano.a(lib_a-memset.o)
                0x000000000800a106                memset
 .text.__cvt    0x000000000800a116       0xc2 c:/st/stm32cubeide_1.3.0/stm32cubeide/plugins/com.st.stm32cube.ide.mcu.externaltools.gnu-tools-for-stm32.7-2018-q2-update.win32_1.0.0.201904181610/tools/bin/../lib/gcc/arm-none-eabi/7.3.1/../../../../arm-none-eabi/lib/thumb/v7e-m/fpv4-sp/hard\libc_nano.a(lib_a-nano-vfprintf_float.o)
                0x000000000800a116                __cvt
 .text.__exponent
                0x000000000800a1d8       0x66 c:/st/stm32cubeide_1.3.0/stm32cubeide/plugins/com.st.stm32cube.ide.mcu.externaltools.gnu-tools-for-stm32.7-2018-q2-update.win32_1.0.0.201904181610/tools/bin/../lib/gcc/arm-none-eabi/7.3.1/../../../../arm-none-eabi/lib/thumb/v7e-m/fpv4-sp/hard\libc_nano.a(lib_a-nano-vfprintf_float.o)
                0x000000000800a1d8                __exponent
 *fill*         0x000000000800a23e        0x2 
 .text._printf_float
                0x000000000800a240      0x480 c:/st/stm32cubeide_1.3.0/stm32cubeide/plugins/com.st.stm32cube.ide.mcu.externaltools.gnu-tools-for-stm32.7-2018-q2-update.win32_1.0.0.201904181610/tools/bin/../lib/gcc/arm-none-eabi/7.3.1/../../../../arm-none-eabi/lib/thumb/v7e-m/fpv4-sp/hard\libc_nano.a(lib_a-nano-vfprintf_float.o)
                0x000000000800a240                _printf_float
 .text._printf_common
                0x000000000800a6c0       0xea c:/st/stm32cubeide_1.3.0/stm32cubeide/plugins/com.st.stm32cube.ide.mcu.externaltools.gnu-tools-for-stm32.7-2018-q2-update.win32_1.0.0.201904181610/tools/bin/../lib/gcc/arm-none-eabi/7.3.1/../../../../arm-none-eabi/lib/thumb/v7e-m/fpv4-sp/hard\libc_nano.a(lib_a-nano-vfprintf_i.o)
                0x000000000800a6c0                _printf_common
 *fill*         0x000000000800a7aa        0x2 
 .text._printf_i
                0x000000000800a7ac      0x224 c:/st/stm32cubeide_1.3.0/stm32cubeide/plugins/com.st.stm32cube.ide.mcu.externaltools.gnu-tools-for-stm32.7-2018-q2-update.win32_1.0.0.201904181610/tools/bin/../lib/gcc/arm-none-eabi/7.3.1/../../../../arm-none-eabi/lib/thumb/v7e-m/fpv4-sp/hard\libc_nano.a(lib_a-nano-vfprintf_i.o)
                0x000000000800a7ac                _printf_i
 .text.srand    0x000000000800a9d0       0x48 c:/st/stm32cubeide_1.3.0/stm32cubeide/plugins/com.st.stm32cube.ide.mcu.externaltools.gnu-tools-for-stm32.7-2018-q2-update.win32_1.0.0.201904181610/tools/bin/../lib/gcc/arm-none-eabi/7.3.1/../../../../arm-none-eabi/lib/thumb/v7e-m/fpv4-sp/hard\libc_nano.a(lib_a-rand.o)
                0x000000000800a9d0                srand
 .text.sprintf  0x000000000800aa18       0x40 c:/st/stm32cubeide_1.3.0/stm32cubeide/plugins/com.st.stm32cube.ide.mcu.externaltools.gnu-tools-for-stm32.7-2018-q2-update.win32_1.0.0.201904181610/tools/bin/../lib/gcc/arm-none-eabi/7.3.1/../../../../arm-none-eabi/lib/thumb/v7e-m/fpv4-sp/hard\libc_nano.a(lib_a-sprintf.o)
                0x000000000800aa18                siprintf
                0x000000000800aa18                sprintf
 .text.quorem   0x000000000800aa58      0x118 c:/st/stm32cubeide_1.3.0/stm32cubeide/plugins/com.st.stm32cube.ide.mcu.externaltools.gnu-tools-for-stm32.7-2018-q2-update.win32_1.0.0.201904181610/tools/bin/../lib/gcc/arm-none-eabi/7.3.1/../../../../arm-none-eabi/lib/thumb/v7e-m/fpv4-sp/hard\libc_nano.a(lib_a-dtoa.o)
 .text._dtoa_r  0x000000000800ab70      0xb70 c:/st/stm32cubeide_1.3.0/stm32cubeide/plugins/com.st.stm32cube.ide.mcu.externaltools.gnu-tools-for-stm32.7-2018-q2-update.win32_1.0.0.201904181610/tools/bin/../lib/gcc/arm-none-eabi/7.3.1/../../../../arm-none-eabi/lib/thumb/v7e-m/fpv4-sp/hard\libc_nano.a(lib_a-dtoa.o)
                0x000000000800ab70                _dtoa_r
 .text._localeconv_r
                0x000000000800b6e0       0x1c c:/st/stm32cubeide_1.3.0/stm32cubeide/plugins/com.st.stm32cube.ide.mcu.externaltools.gnu-tools-for-stm32.7-2018-q2-update.win32_1.0.0.201904181610/tools/bin/../lib/gcc/arm-none-eabi/7.3.1/../../../../arm-none-eabi/lib/thumb/v7e-m/fpv4-sp/hard\libc_nano.a(lib_a-localeconv.o)
                0x000000000800b6e0                _localeconv_r
 .text.malloc   0x000000000800b6fc       0x10 c:/st/stm32cubeide_1.3.0/stm32cubeide/plugins/com.st.stm32cube.ide.mcu.externaltools.gnu-tools-for-stm32.7-2018-q2-update.win32_1.0.0.201904181610/tools/bin/../lib/gcc/arm-none-eabi/7.3.1/../../../../arm-none-eabi/lib/thumb/v7e-m/fpv4-sp/hard\libc_nano.a(lib_a-malloc.o)
                0x000000000800b6fc                malloc
 .text._Balloc  0x000000000800b70c       0x68 c:/st/stm32cubeide_1.3.0/stm32cubeide/plugins/com.st.stm32cube.ide.mcu.externaltools.gnu-tools-for-stm32.7-2018-q2-update.win32_1.0.0.201904181610/tools/bin/../lib/gcc/arm-none-eabi/7.3.1/../../../../arm-none-eabi/lib/thumb/v7e-m/fpv4-sp/hard\libc_nano.a(lib_a-mprec.o)
                0x000000000800b70c                _Balloc
 .text._Bfree   0x000000000800b774       0x2e c:/st/stm32cubeide_1.3.0/stm32cubeide/plugins/com.st.stm32cube.ide.mcu.externaltools.gnu-tools-for-stm32.7-2018-q2-update.win32_1.0.0.201904181610/tools/bin/../lib/gcc/arm-none-eabi/7.3.1/../../../../arm-none-eabi/lib/thumb/v7e-m/fpv4-sp/hard\libc_nano.a(lib_a-mprec.o)
                0x000000000800b774                _Bfree
 .text.__multadd
                0x000000000800b7a2       0x76 c:/st/stm32cubeide_1.3.0/stm32cubeide/plugins/com.st.stm32cube.ide.mcu.externaltools.gnu-tools-for-stm32.7-2018-q2-update.win32_1.0.0.201904181610/tools/bin/../lib/gcc/arm-none-eabi/7.3.1/../../../../arm-none-eabi/lib/thumb/v7e-m/fpv4-sp/hard\libc_nano.a(lib_a-mprec.o)
                0x000000000800b7a2                __multadd
 .text.__hi0bits
                0x000000000800b818       0x3e c:/st/stm32cubeide_1.3.0/stm32cubeide/plugins/com.st.stm32cube.ide.mcu.externaltools.gnu-tools-for-stm32.7-2018-q2-update.win32_1.0.0.201904181610/tools/bin/../lib/gcc/arm-none-eabi/7.3.1/../../../../arm-none-eabi/lib/thumb/v7e-m/fpv4-sp/hard\libc_nano.a(lib_a-mprec.o)
                0x000000000800b818                __hi0bits
 .text.__lo0bits
                0x000000000800b856       0x5e c:/st/stm32cubeide_1.3.0/stm32cubeide/plugins/com.st.stm32cube.ide.mcu.externaltools.gnu-tools-for-stm32.7-2018-q2-update.win32_1.0.0.201904181610/tools/bin/../lib/gcc/arm-none-eabi/7.3.1/../../../../arm-none-eabi/lib/thumb/v7e-m/fpv4-sp/hard\libc_nano.a(lib_a-mprec.o)
                0x000000000800b856                __lo0bits
 .text.__i2b    0x000000000800b8b4       0x12 c:/st/stm32cubeide_1.3.0/stm32cubeide/plugins/com.st.stm32cube.ide.mcu.externaltools.gnu-tools-for-stm32.7-2018-q2-update.win32_1.0.0.201904181610/tools/bin/../lib/gcc/arm-none-eabi/7.3.1/../../../../arm-none-eabi/lib/thumb/v7e-m/fpv4-sp/hard\libc_nano.a(lib_a-mprec.o)
                0x000000000800b8b4                __i2b
 .text.__multiply
                0x000000000800b8c6      0x12c c:/st/stm32cubeide_1.3.0/stm32cubeide/plugins/com.st.stm32cube.ide.mcu.externaltools.gnu-tools-for-stm32.7-2018-q2-update.win32_1.0.0.201904181610/tools/bin/../lib/gcc/arm-none-eabi/7.3.1/../../../../arm-none-eabi/lib/thumb/v7e-m/fpv4-sp/hard\libc_nano.a(lib_a-mprec.o)
                0x000000000800b8c6                __multiply
 *fill*         0x000000000800b9f2        0x2 
 .text.__pow5mult
                0x000000000800b9f4       0x9c c:/st/stm32cubeide_1.3.0/stm32cubeide/plugins/com.st.stm32cube.ide.mcu.externaltools.gnu-tools-for-stm32.7-2018-q2-update.win32_1.0.0.201904181610/tools/bin/../lib/gcc/arm-none-eabi/7.3.1/../../../../arm-none-eabi/lib/thumb/v7e-m/fpv4-sp/hard\libc_nano.a(lib_a-mprec.o)
                0x000000000800b9f4                __pow5mult
 .text.__lshift
                0x000000000800ba90       0xa8 c:/st/stm32cubeide_1.3.0/stm32cubeide/plugins/com.st.stm32cube.ide.mcu.externaltools.gnu-tools-for-stm32.7-2018-q2-update.win32_1.0.0.201904181610/tools/bin/../lib/gcc/arm-none-eabi/7.3.1/../../../../arm-none-eabi/lib/thumb/v7e-m/fpv4-sp/hard\libc_nano.a(lib_a-mprec.o)
                0x000000000800ba90                __lshift
 .text.__mcmp   0x000000000800bb38       0x34 c:/st/stm32cubeide_1.3.0/stm32cubeide/plugins/com.st.stm32cube.ide.mcu.externaltools.gnu-tools-for-stm32.7-2018-q2-update.win32_1.0.0.201904181610/tools/bin/../lib/gcc/arm-none-eabi/7.3.1/../../../../arm-none-eabi/lib/thumb/v7e-m/fpv4-sp/hard\libc_nano.a(lib_a-mprec.o)
                0x000000000800bb38                __mcmp
 .text.__mdiff  0x000000000800bb6c       0xba c:/st/stm32cubeide_1.3.0/stm32cubeide/plugins/com.st.stm32cube.ide.mcu.externaltools.gnu-tools-for-stm32.7-2018-q2-update.win32_1.0.0.201904181610/tools/bin/../lib/gcc/arm-none-eabi/7.3.1/../../../../arm-none-eabi/lib/thumb/v7e-m/fpv4-sp/hard\libc_nano.a(lib_a-mprec.o)
                0x000000000800bb6c                __mdiff
 .text.__d2b    0x000000000800bc26       0x9e c:/st/stm32cubeide_1.3.0/stm32cubeide/plugins/com.st.stm32cube.ide.mcu.externaltools.gnu-tools-for-stm32.7-2018-q2-update.win32_1.0.0.201904181610/tools/bin/../lib/gcc/arm-none-eabi/7.3.1/../../../../arm-none-eabi/lib/thumb/v7e-m/fpv4-sp/hard\libc_nano.a(lib_a-mprec.o)
                0x000000000800bc26                __d2b
 .text._calloc_r
                0x000000000800bcc4       0x1c c:/st/stm32cubeide_1.3.0/stm32cubeide/plugins/com.st.stm32cube.ide.mcu.externaltools.gnu-tools-for-stm32.7-2018-q2-update.win32_1.0.0.201904181610/tools/bin/../lib/gcc/arm-none-eabi/7.3.1/../../../../arm-none-eabi/lib/thumb/v7e-m/fpv4-sp/hard\libc_nano.a(lib_a-nano-callocr.o)
                0x000000000800bcc4                _calloc_r
 .text._free_r  0x000000000800bce0       0x9c c:/st/stm32cubeide_1.3.0/stm32cubeide/plugins/com.st.stm32cube.ide.mcu.externaltools.gnu-tools-for-stm32.7-2018-q2-update.win32_1.0.0.201904181610/tools/bin/../lib/gcc/arm-none-eabi/7.3.1/../../../../arm-none-eabi/lib/thumb/v7e-m/fpv4-sp/hard\libc_nano.a(lib_a-nano-freer.o)
                0x000000000800bce0                _free_r
 .text._malloc_r
                0x000000000800bd7c       0xb4 c:/st/stm32cubeide_1.3.0/stm32cubeide/plugins/com.st.stm32cube.ide.mcu.externaltools.gnu-tools-for-stm32.7-2018-q2-update.win32_1.0.0.201904181610/tools/bin/../lib/gcc/arm-none-eabi/7.3.1/../../../../arm-none-eabi/lib/thumb/v7e-m/fpv4-sp/hard\libc_nano.a(lib_a-nano-mallocr.o)
                0x000000000800bd7c                _malloc_r
 .text.__ssputs_r
                0x000000000800be30       0xb4 c:/st/stm32cubeide_1.3.0/stm32cubeide/plugins/com.st.stm32cube.ide.mcu.externaltools.gnu-tools-for-stm32.7-2018-q2-update.win32_1.0.0.201904181610/tools/bin/../lib/gcc/arm-none-eabi/7.3.1/../../../../arm-none-eabi/lib/thumb/v7e-m/fpv4-sp/hard\libc_nano.a(lib_a-nano-svfprintf.o)
                0x000000000800be30                __ssputs_r
 .text._svfprintf_r
                0x000000000800bee4      0x1f0 c:/st/stm32cubeide_1.3.0/stm32cubeide/plugins/com.st.stm32cube.ide.mcu.externaltools.gnu-tools-for-stm32.7-2018-q2-update.win32_1.0.0.201904181610/tools/bin/../lib/gcc/arm-none-eabi/7.3.1/../../../../arm-none-eabi/lib/thumb/v7e-m/fpv4-sp/hard\libc_nano.a(lib_a-nano-svfprintf.o)
                0x000000000800bee4                _svfiprintf_r
                0x000000000800bee4                _svfprintf_r
 .text._sbrk_r  0x000000000800c0d4       0x20 c:/st/stm32cubeide_1.3.0/stm32cubeide/plugins/com.st.stm32cube.ide.mcu.externaltools.gnu-tools-for-stm32.7-2018-q2-update.win32_1.0.0.201904181610/tools/bin/../lib/gcc/arm-none-eabi/7.3.1/../../../../arm-none-eabi/lib/thumb/v7e-m/fpv4-sp/hard\libc_nano.a(lib_a-sbrkr.o)
                0x000000000800c0d4                _sbrk_r
 .text.__ascii_mbtowc
                0x000000000800c0f4       0x24 c:/st/stm32cubeide_1.3.0/stm32cubeide/plugins/com.st.stm32cube.ide.mcu.externaltools.gnu-tools-for-stm32.7-2018-q2-update.win32_1.0.0.201904181610/tools/bin/../lib/gcc/arm-none-eabi/7.3.1/../../../../arm-none-eabi/lib/thumb/v7e-m/fpv4-sp/hard\libc_nano.a(lib_a-mbtowc_r.o)
                0x000000000800c0f4                __ascii_mbtowc
 .text.memmove  0x000000000800c118       0x32 c:/st/stm32cubeide_1.3.0/stm32cubeide/plugins/com.st.stm32cube.ide.mcu.externaltools.gnu-tools-for-stm32.7-2018-q2-update.win32_1.0.0.201904181610/tools/bin/../lib/gcc/arm-none-eabi/7.3.1/../../../../arm-none-eabi/lib/thumb/v7e-m/fpv4-sp/hard\libc_nano.a(lib_a-memmove.o)
                0x000000000800c118                memmove
 .text.__malloc_lock
                0x000000000800c14a        0x2 c:/st/stm32cubeide_1.3.0/stm32cubeide/plugins/com.st.stm32cube.ide.mcu.externaltools.gnu-tools-for-stm32.7-2018-q2-update.win32_1.0.0.201904181610/tools/bin/../lib/gcc/arm-none-eabi/7.3.1/../../../../arm-none-eabi/lib/thumb/v7e-m/fpv4-sp/hard\libc_nano.a(lib_a-mlock.o)
                0x000000000800c14a                __malloc_lock
 .text.__malloc_unlock
                0x000000000800c14c        0x2 c:/st/stm32cubeide_1.3.0/stm32cubeide/plugins/com.st.stm32cube.ide.mcu.externaltools.gnu-tools-for-stm32.7-2018-q2-update.win32_1.0.0.201904181610/tools/bin/../lib/gcc/arm-none-eabi/7.3.1/../../../../arm-none-eabi/lib/thumb/v7e-m/fpv4-sp/hard\libc_nano.a(lib_a-mlock.o)
                0x000000000800c14c                __malloc_unlock
 .text._realloc_r
                0x000000000800c14e       0x4c c:/st/stm32cubeide_1.3.0/stm32cubeide/plugins/com.st.stm32cube.ide.mcu.externaltools.gnu-tools-for-stm32.7-2018-q2-update.win32_1.0.0.201904181610/tools/bin/../lib/gcc/arm-none-eabi/7.3.1/../../../../arm-none-eabi/lib/thumb/v7e-m/fpv4-sp/hard\libc_nano.a(lib_a-nano-reallocr.o)
                0x000000000800c14e                _realloc_r
 .text.__ascii_wctomb
                0x000000000800c19a       0x1a c:/st/stm32cubeide_1.3.0/stm32cubeide/plugins/com.st.stm32cube.ide.mcu.externaltools.gnu-tools-for-stm32.7-2018-q2-update.win32_1.0.0.201904181610/tools/bin/../lib/gcc/arm-none-eabi/7.3.1/../../../../arm-none-eabi/lib/thumb/v7e-m/fpv4-sp/hard\libc_nano.a(lib_a-wctomb_r.o)
                0x000000000800c19a                __ascii_wctomb
 .text._malloc_usable_size_r
                0x000000000800c1b4       0x10 c:/st/stm32cubeide_1.3.0/stm32cubeide/plugins/com.st.stm32cube.ide.mcu.externaltools.gnu-tools-for-stm32.7-2018-q2-update.win32_1.0.0.201904181610/tools/bin/../lib/gcc/arm-none-eabi/7.3.1/../../../../arm-none-eabi/lib/thumb/v7e-m/fpv4-sp/hard\libc_nano.a(lib_a-nano-msizer.o)
                0x000000000800c1b4                _malloc_usable_size_r
 *(.glue_7)
 .glue_7        0x000000000800c1c4        0x0 linker stubs
 *(.glue_7t)
 .glue_7t       0x000000000800c1c4        0x0 linker stubs
 *(.eh_frame)
 .eh_frame      0x000000000800c1c4        0x0 c:/st/stm32cubeide_1.3.0/stm32cubeide/plugins/com.st.stm32cube.ide.mcu.externaltools.gnu-tools-for-stm32.7-2018-q2-update.win32_1.0.0.201904181610/tools/bin/../lib/gcc/arm-none-eabi/7.3.1/thumb/v7e-m/fpv4-sp/hard/crtbegin.o
 *(.init)
 .init          0x000000000800c1c4        0x4 c:/st/stm32cubeide_1.3.0/stm32cubeide/plugins/com.st.stm32cube.ide.mcu.externaltools.gnu-tools-for-stm32.7-2018-q2-update.win32_1.0.0.201904181610/tools/bin/../lib/gcc/arm-none-eabi/7.3.1/thumb/v7e-m/fpv4-sp/hard/crti.o
                0x000000000800c1c4                _init
 .init          0x000000000800c1c8        0x8 c:/st/stm32cubeide_1.3.0/stm32cubeide/plugins/com.st.stm32cube.ide.mcu.externaltools.gnu-tools-for-stm32.7-2018-q2-update.win32_1.0.0.201904181610/tools/bin/../lib/gcc/arm-none-eabi/7.3.1/thumb/v7e-m/fpv4-sp/hard/crtn.o
 *(.fini)
 .fini          0x000000000800c1d0        0x4 c:/st/stm32cubeide_1.3.0/stm32cubeide/plugins/com.st.stm32cube.ide.mcu.externaltools.gnu-tools-for-stm32.7-2018-q2-update.win32_1.0.0.201904181610/tools/bin/../lib/gcc/arm-none-eabi/7.3.1/thumb/v7e-m/fpv4-sp/hard/crti.o
                0x000000000800c1d0                _fini
 .fini          0x000000000800c1d4        0x8 c:/st/stm32cubeide_1.3.0/stm32cubeide/plugins/com.st.stm32cube.ide.mcu.externaltools.gnu-tools-for-stm32.7-2018-q2-update.win32_1.0.0.201904181610/tools/bin/../lib/gcc/arm-none-eabi/7.3.1/thumb/v7e-m/fpv4-sp/hard/crtn.o
                0x000000000800c1dc                . = ALIGN (0x4)
                0x000000000800c1dc                _etext = .

.vfp11_veneer   0x000000000800c1dc        0x0
 .vfp11_veneer  0x000000000800c1dc        0x0 linker stubs

.v4_bx          0x000000000800c1dc        0x0
 .v4_bx         0x000000000800c1dc        0x0 linker stubs

.iplt           0x000000000800c1dc        0x0
 .iplt          0x000000000800c1dc        0x0 c:/st/stm32cubeide_1.3.0/stm32cubeide/plugins/com.st.stm32cube.ide.mcu.externaltools.gnu-tools-for-stm32.7-2018-q2-update.win32_1.0.0.201904181610/tools/bin/../lib/gcc/arm-none-eabi/7.3.1/thumb/v7e-m/fpv4-sp/hard/crtbegin.o

.rodata         0x000000000800c1e0      0x4a8
                0x000000000800c1e0                . = ALIGN (0x4)
 *(.rodata)
 .rodata        0x000000000800c1e0       0x11 Core/Src/UART_Helpers.o
 *fill*         0x000000000800c1f1        0x3 
 .rodata        0x000000000800c1f4       0x37 Core/Src/game.o
 *fill*         0x000000000800c22b        0x1 
 .rodata        0x000000000800c22c       0xde Core/Src/main.o
 *fill*         0x000000000800c30a        0x2 
 .rodata        0x000000000800c30c       0x89 Core/Src/mygyro.o
 *fill*         0x000000000800c395        0x3 
 .rodata        0x000000000800c398        0x5 Middlewares/Third_Party/FreeRTOS/Source/tasks.o
 *fill*         0x000000000800c39d        0x3 
 .rodata        0x000000000800c3a0        0xd Middlewares/Third_Party/FreeRTOS/Source/timers.o
 *(.rodata*)
 *fill*         0x000000000800c3ad        0x3 
 .rodata.defaultTask_attributes
                0x000000000800c3b0       0x24 Core/Src/main.o
                0x000000000800c3b0                defaultTask_attributes
 .rodata.display_mutex_attributes
                0x000000000800c3d4       0x10 Core/Src/main.o
                0x000000000800c3d4                display_mutex_attributes
 .rodata.AHBPrescTable
                0x000000000800c3e4       0x10 Core/Src/system_stm32l4xx.o
                0x000000000800c3e4                AHBPrescTable
 .rodata.APBPrescTable
                0x000000000800c3f4        0x8 Core/Src/system_stm32l4xx.o
                0x000000000800c3f4                APBPrescTable
 .rodata.MSIRangeTable
                0x000000000800c3fc       0x30 Core/Src/system_stm32l4xx.o
                0x000000000800c3fc                MSIRangeTable
 .rodata._printf_float.str1.1
                0x000000000800c42c       0x12 c:/st/stm32cubeide_1.3.0/stm32cubeide/plugins/com.st.stm32cube.ide.mcu.externaltools.gnu-tools-for-stm32.7-2018-q2-update.win32_1.0.0.201904181610/tools/bin/../lib/gcc/arm-none-eabi/7.3.1/../../../../arm-none-eabi/lib/thumb/v7e-m/fpv4-sp/hard\libc_nano.a(lib_a-nano-vfprintf_float.o)
 .rodata._printf_i.str1.1
                0x000000000800c43e       0x22 c:/st/stm32cubeide_1.3.0/stm32cubeide/plugins/com.st.stm32cube.ide.mcu.externaltools.gnu-tools-for-stm32.7-2018-q2-update.win32_1.0.0.201904181610/tools/bin/../lib/gcc/arm-none-eabi/7.3.1/../../../../arm-none-eabi/lib/thumb/v7e-m/fpv4-sp/hard\libc_nano.a(lib_a-nano-vfprintf_i.o)
 .rodata._dtoa_r.str1.1
                0x000000000800c460        0xd c:/st/stm32cubeide_1.3.0/stm32cubeide/plugins/com.st.stm32cube.ide.mcu.externaltools.gnu-tools-for-stm32.7-2018-q2-update.win32_1.0.0.201904181610/tools/bin/../lib/gcc/arm-none-eabi/7.3.1/../../../../arm-none-eabi/lib/thumb/v7e-m/fpv4-sp/hard\libc_nano.a(lib_a-dtoa.o)
                                          0xf (size before relaxing)
 *fill*         0x000000000800c46d        0x3 
 .rodata.__mprec_bigtens
                0x000000000800c470       0x28 c:/st/stm32cubeide_1.3.0/stm32cubeide/plugins/com.st.stm32cube.ide.mcu.externaltools.gnu-tools-for-stm32.7-2018-q2-update.win32_1.0.0.201904181610/tools/bin/../lib/gcc/arm-none-eabi/7.3.1/../../../../arm-none-eabi/lib/thumb/v7e-m/fpv4-sp/hard\libc_nano.a(lib_a-mprec.o)
                0x000000000800c470                __mprec_bigtens
 .rodata.__mprec_tens
                0x000000000800c498       0xc8 c:/st/stm32cubeide_1.3.0/stm32cubeide/plugins/com.st.stm32cube.ide.mcu.externaltools.gnu-tools-for-stm32.7-2018-q2-update.win32_1.0.0.201904181610/tools/bin/../lib/gcc/arm-none-eabi/7.3.1/../../../../arm-none-eabi/lib/thumb/v7e-m/fpv4-sp/hard\libc_nano.a(lib_a-mprec.o)
                0x000000000800c498                __mprec_tens
 .rodata.p05.7359
                0x000000000800c560        0xc c:/st/stm32cubeide_1.3.0/stm32cubeide/plugins/com.st.stm32cube.ide.mcu.externaltools.gnu-tools-for-stm32.7-2018-q2-update.win32_1.0.0.201904181610/tools/bin/../lib/gcc/arm-none-eabi/7.3.1/../../../../arm-none-eabi/lib/thumb/v7e-m/fpv4-sp/hard\libc_nano.a(lib_a-mprec.o)
 .rodata._svfprintf_r.str1.1
                0x000000000800c56c       0x11 c:/st/stm32cubeide_1.3.0/stm32cubeide/plugins/com.st.stm32cube.ide.mcu.externaltools.gnu-tools-for-stm32.7-2018-q2-update.win32_1.0.0.201904181610/tools/bin/../lib/gcc/arm-none-eabi/7.3.1/../../../../arm-none-eabi/lib/thumb/v7e-m/fpv4-sp/hard\libc_nano.a(lib_a-nano-svfprintf.o)
 .rodata._setlocale_r.str1.1
                0x000000000800c57d        0x8 c:/st/stm32cubeide_1.3.0/stm32cubeide/plugins/com.st.stm32cube.ide.mcu.externaltools.gnu-tools-for-stm32.7-2018-q2-update.win32_1.0.0.201904181610/tools/bin/../lib/gcc/arm-none-eabi/7.3.1/../../../../arm-none-eabi/lib/thumb/v7e-m/fpv4-sp/hard\libc_nano.a(lib_a-locale.o)
                                          0x9 (size before relaxing)
 .rodata.str1.1
                0x000000000800c585        0x2 c:/st/stm32cubeide_1.3.0/stm32cubeide/plugins/com.st.stm32cube.ide.mcu.externaltools.gnu-tools-for-stm32.7-2018-q2-update.win32_1.0.0.201904181610/tools/bin/../lib/gcc/arm-none-eabi/7.3.1/../../../../arm-none-eabi/lib/thumb/v7e-m/fpv4-sp/hard\libc_nano.a(lib_a-locale.o)
 .rodata._ctype_
                0x000000000800c587      0x101 c:/st/stm32cubeide_1.3.0/stm32cubeide/plugins/com.st.stm32cube.ide.mcu.externaltools.gnu-tools-for-stm32.7-2018-q2-update.win32_1.0.0.201904181610/tools/bin/../lib/gcc/arm-none-eabi/7.3.1/../../../../arm-none-eabi/lib/thumb/v7e-m/fpv4-sp/hard\libc_nano.a(lib_a-ctype_.o)
                0x000000000800c587                _ctype_
                0x000000000800c688                . = ALIGN (0x4)

.ARM.extab      0x000000000800c688        0x0
                0x000000000800c688                . = ALIGN (0x4)
 *(.ARM.extab* .gnu.linkonce.armextab.*)
                0x000000000800c688                . = ALIGN (0x4)

.ARM            0x000000000800c688        0x8
                0x000000000800c688                . = ALIGN (0x4)
                0x000000000800c688                __exidx_start = .
 *(.ARM.exidx*)
 .ARM.exidx     0x000000000800c688        0x8 c:/st/stm32cubeide_1.3.0/stm32cubeide/plugins/com.st.stm32cube.ide.mcu.externaltools.gnu-tools-for-stm32.7-2018-q2-update.win32_1.0.0.201904181610/tools/bin/../lib/gcc/arm-none-eabi/7.3.1/thumb/v7e-m/fpv4-sp/hard\libgcc.a(_udivmoddi4.o)
                0x000000000800c690                __exidx_end = .
                0x000000000800c690                . = ALIGN (0x4)

.rel.dyn        0x000000000800c690        0x0
 .rel.iplt      0x000000000800c690        0x0 c:/st/stm32cubeide_1.3.0/stm32cubeide/plugins/com.st.stm32cube.ide.mcu.externaltools.gnu-tools-for-stm32.7-2018-q2-update.win32_1.0.0.201904181610/tools/bin/../lib/gcc/arm-none-eabi/7.3.1/thumb/v7e-m/fpv4-sp/hard/crtbegin.o

.preinit_array  0x000000000800c690        0x0
                0x000000000800c690                . = ALIGN (0x4)
                0x000000000800c690                PROVIDE (__preinit_array_start = .)
 *(.preinit_array*)
                0x000000000800c690                PROVIDE (__preinit_array_end = .)
                0x000000000800c690                . = ALIGN (0x4)

.init_array     0x000000000800c690        0x4
                0x000000000800c690                . = ALIGN (0x4)
                0x000000000800c690                PROVIDE (__init_array_start = .)
 *(SORT_BY_NAME(.init_array.*))
 *(.init_array*)
 .init_array    0x000000000800c690        0x4 c:/st/stm32cubeide_1.3.0/stm32cubeide/plugins/com.st.stm32cube.ide.mcu.externaltools.gnu-tools-for-stm32.7-2018-q2-update.win32_1.0.0.201904181610/tools/bin/../lib/gcc/arm-none-eabi/7.3.1/thumb/v7e-m/fpv4-sp/hard/crtbegin.o
                0x000000000800c694                PROVIDE (__init_array_end = .)
                0x000000000800c694                . = ALIGN (0x4)

.fini_array     0x000000000800c694        0x4
                0x000000000800c694                . = ALIGN (0x4)
                [!provide]                        PROVIDE (__fini_array_start = .)
 *(SORT_BY_NAME(.fini_array.*))
 *(.fini_array*)
 .fini_array    0x000000000800c694        0x4 c:/st/stm32cubeide_1.3.0/stm32cubeide/plugins/com.st.stm32cube.ide.mcu.externaltools.gnu-tools-for-stm32.7-2018-q2-update.win32_1.0.0.201904181610/tools/bin/../lib/gcc/arm-none-eabi/7.3.1/thumb/v7e-m/fpv4-sp/hard/crtbegin.o
                [!provide]                        PROVIDE (__fini_array_end = .)
                0x000000000800c698                . = ALIGN (0x4)
                0x000000000800c698                _sidata = LOADADDR (.data)

.data           0x0000000020000000      0x22c load address 0x000000000800c698
                0x0000000020000000                . = ALIGN (0x4)
                0x0000000020000000                _sdata = .
 *(.data)
 *(.data*)
 .data.L3gd20Drv
                0x0000000020000000       0x34 Core/Inc/l3gd20.o
                0x0000000020000000                L3gd20Drv
 .data.time_per_level
                0x0000000020000034       0x18 Core/Src/main.o
                0x0000000020000034                time_per_level
 .data.SystemCoreClock
                0x000000002000004c        0x4 Core/Src/system_stm32l4xx.o
                0x000000002000004c                SystemCoreClock
 .data.uwTickPrio
                0x0000000020000050        0x4 Drivers/STM32L4xx_HAL_Driver/Src/stm32l4xx_hal.o
                0x0000000020000050                uwTickPrio
 .data.uwTickFreq
                0x0000000020000054        0x4 Drivers/STM32L4xx_HAL_Driver/Src/stm32l4xx_hal.o
                0x0000000020000054                uwTickFreq
 .data.uxCriticalNesting
                0x0000000020000058        0x4 Middlewares/Third_Party/FreeRTOS/Source/portable/GCC/ARM_CM4F/port.o
 .data._impure_ptr
                0x000000002000005c        0x4 c:/st/stm32cubeide_1.3.0/stm32cubeide/plugins/com.st.stm32cube.ide.mcu.externaltools.gnu-tools-for-stm32.7-2018-q2-update.win32_1.0.0.201904181610/tools/bin/../lib/gcc/arm-none-eabi/7.3.1/../../../../arm-none-eabi/lib/thumb/v7e-m/fpv4-sp/hard\libc_nano.a(lib_a-impure.o)
                0x000000002000005c                _impure_ptr
 .data.impure_data
                0x0000000020000060       0x60 c:/st/stm32cubeide_1.3.0/stm32cubeide/plugins/com.st.stm32cube.ide.mcu.externaltools.gnu-tools-for-stm32.7-2018-q2-update.win32_1.0.0.201904181610/tools/bin/../lib/gcc/arm-none-eabi/7.3.1/../../../../arm-none-eabi/lib/thumb/v7e-m/fpv4-sp/hard\libc_nano.a(lib_a-impure.o)
 .data.__global_locale
                0x00000000200000c0      0x16c c:/st/stm32cubeide_1.3.0/stm32cubeide/plugins/com.st.stm32cube.ide.mcu.externaltools.gnu-tools-for-stm32.7-2018-q2-update.win32_1.0.0.201904181610/tools/bin/../lib/gcc/arm-none-eabi/7.3.1/../../../../arm-none-eabi/lib/thumb/v7e-m/fpv4-sp/hard\libc_nano.a(lib_a-locale.o)
                0x00000000200000c0                __global_locale
                0x000000002000022c                . = ALIGN (0x4)
                0x000000002000022c                _edata = .

.igot.plt       0x000000002000022c        0x0 load address 0x000000000800c8c4
 .igot.plt      0x000000002000022c        0x0 c:/st/stm32cubeide_1.3.0/stm32cubeide/plugins/com.st.stm32cube.ide.mcu.externaltools.gnu-tools-for-stm32.7-2018-q2-update.win32_1.0.0.201904181610/tools/bin/../lib/gcc/arm-none-eabi/7.3.1/thumb/v7e-m/fpv4-sp/hard/crtbegin.o
                0x000000002000022c                . = ALIGN (0x4)

.bss            0x000000002000022c     0x2484 load address 0x000000000800c8c4
                0x000000002000022c                _sbss = .
                0x000000002000022c                __bss_start__ = _sbss
 *(.bss)
 .bss           0x000000002000022c       0x1c c:/st/stm32cubeide_1.3.0/stm32cubeide/plugins/com.st.stm32cube.ide.mcu.externaltools.gnu-tools-for-stm32.7-2018-q2-update.win32_1.0.0.201904181610/tools/bin/../lib/gcc/arm-none-eabi/7.3.1/thumb/v7e-m/fpv4-sp/hard/crtbegin.o
 *(.bss*)
 .bss.SpiHandle
                0x0000000020000248       0x64 Core/Inc/stm32l476g_discovery.o
 .bss.GyroscopeDrv
                0x00000000200002ac        0x4 Core/Inc/stm32l476g_discovery_gyroscope.o
 .bss.scores    0x00000000200002b0       0x18 Core/Src/main.o
                0x00000000200002b0                scores
 .bss.display_timer
                0x00000000200002c8        0x4 Core/Src/main.o
                0x00000000200002c8                display_timer
 .bss.heap_end.6424
                0x00000000200002cc        0x4 Core/Src/sysmem.o
 .bss.KernelState
                0x00000000200002d0        0x4 Middlewares/Third_Party/FreeRTOS/Source/CMSIS_RTOS_V2/cmsis_os2.o
 .bss.Idle_TCB  0x00000000200002d4       0x5c Middlewares/Third_Party/FreeRTOS/Source/CMSIS_RTOS_V2/cmsis_os2.o
 .bss.Idle_Stack
                0x0000000020000330      0x200 Middlewares/Third_Party/FreeRTOS/Source/CMSIS_RTOS_V2/cmsis_os2.o
 .bss.Timer_TCB
                0x0000000020000530       0x5c Middlewares/Third_Party/FreeRTOS/Source/CMSIS_RTOS_V2/cmsis_os2.o
 .bss.Timer_Stack
                0x000000002000058c      0x400 Middlewares/Third_Party/FreeRTOS/Source/CMSIS_RTOS_V2/cmsis_os2.o
 .bss.pxCurrentTCB
                0x000000002000098c        0x4 Middlewares/Third_Party/FreeRTOS/Source/tasks.o
                0x000000002000098c                pxCurrentTCB
 .bss.pxReadyTasksLists
                0x0000000020000990      0x460 Middlewares/Third_Party/FreeRTOS/Source/tasks.o
 .bss.xDelayedTaskList1
                0x0000000020000df0       0x14 Middlewares/Third_Party/FreeRTOS/Source/tasks.o
 .bss.xDelayedTaskList2
                0x0000000020000e04       0x14 Middlewares/Third_Party/FreeRTOS/Source/tasks.o
 .bss.pxDelayedTaskList
                0x0000000020000e18        0x4 Middlewares/Third_Party/FreeRTOS/Source/tasks.o
 .bss.pxOverflowDelayedTaskList
                0x0000000020000e1c        0x4 Middlewares/Third_Party/FreeRTOS/Source/tasks.o
 .bss.xPendingReadyList
                0x0000000020000e20       0x14 Middlewares/Third_Party/FreeRTOS/Source/tasks.o
 .bss.xTasksWaitingTermination
                0x0000000020000e34       0x14 Middlewares/Third_Party/FreeRTOS/Source/tasks.o
 .bss.uxDeletedTasksWaitingCleanUp
                0x0000000020000e48        0x4 Middlewares/Third_Party/FreeRTOS/Source/tasks.o
 .bss.xSuspendedTaskList
                0x0000000020000e4c       0x14 Middlewares/Third_Party/FreeRTOS/Source/tasks.o
 .bss.uxCurrentNumberOfTasks
                0x0000000020000e60        0x4 Middlewares/Third_Party/FreeRTOS/Source/tasks.o
 .bss.xTickCount
                0x0000000020000e64        0x4 Middlewares/Third_Party/FreeRTOS/Source/tasks.o
 .bss.uxTopReadyPriority
                0x0000000020000e68        0x4 Middlewares/Third_Party/FreeRTOS/Source/tasks.o
 .bss.xSchedulerRunning
                0x0000000020000e6c        0x4 Middlewares/Third_Party/FreeRTOS/Source/tasks.o
 .bss.uxPendedTicks
                0x0000000020000e70        0x4 Middlewares/Third_Party/FreeRTOS/Source/tasks.o
 .bss.xYieldPending
                0x0000000020000e74        0x4 Middlewares/Third_Party/FreeRTOS/Source/tasks.o
 .bss.xNumOfOverflows
                0x0000000020000e78        0x4 Middlewares/Third_Party/FreeRTOS/Source/tasks.o
 .bss.uxTaskNumber
                0x0000000020000e7c        0x4 Middlewares/Third_Party/FreeRTOS/Source/tasks.o
 .bss.xNextTaskUnblockTime
                0x0000000020000e80        0x4 Middlewares/Third_Party/FreeRTOS/Source/tasks.o
 .bss.xIdleTaskHandle
                0x0000000020000e84        0x4 Middlewares/Third_Party/FreeRTOS/Source/tasks.o
 .bss.uxSchedulerSuspended
                0x0000000020000e88        0x4 Middlewares/Third_Party/FreeRTOS/Source/tasks.o
 .bss.xActiveTimerList1
                0x0000000020000e8c       0x14 Middlewares/Third_Party/FreeRTOS/Source/timers.o
 .bss.xActiveTimerList2
                0x0000000020000ea0       0x14 Middlewares/Third_Party/FreeRTOS/Source/timers.o
 .bss.pxCurrentTimerList
                0x0000000020000eb4        0x4 Middlewares/Third_Party/FreeRTOS/Source/timers.o
 .bss.pxOverflowTimerList
                0x0000000020000eb8        0x4 Middlewares/Third_Party/FreeRTOS/Source/timers.o
 .bss.xTimerQueue
                0x0000000020000ebc        0x4 Middlewares/Third_Party/FreeRTOS/Source/timers.o
 .bss.xTimerTaskHandle
                0x0000000020000ec0        0x4 Middlewares/Third_Party/FreeRTOS/Source/timers.o
 .bss.xLastTime.6741
                0x0000000020000ec4        0x4 Middlewares/Third_Party/FreeRTOS/Source/timers.o
 .bss.ucStaticTimerQueueStorage.6792
                0x0000000020000ec8       0xa0 Middlewares/Third_Party/FreeRTOS/Source/timers.o
 .bss.xStaticTimerQueue.6791
                0x0000000020000f68       0x50 Middlewares/Third_Party/FreeRTOS/Source/timers.o
 .bss.ucMaxSysCallPriority
                0x0000000020000fb8        0x1 Middlewares/Third_Party/FreeRTOS/Source/portable/GCC/ARM_CM4F/port.o
 *fill*         0x0000000020000fb9        0x3 
 .bss.ulMaxPRIGROUPValue
                0x0000000020000fbc        0x4 Middlewares/Third_Party/FreeRTOS/Source/portable/GCC/ARM_CM4F/port.o
 .bss.ucHeap    0x0000000020000fc0      0xfa0 Middlewares/Third_Party/FreeRTOS/Source/portable/MemMang/heap_4.o
 .bss.xStart    0x0000000020001f60        0x8 Middlewares/Third_Party/FreeRTOS/Source/portable/MemMang/heap_4.o
 .bss.pxEnd     0x0000000020001f68        0x4 Middlewares/Third_Party/FreeRTOS/Source/portable/MemMang/heap_4.o
 .bss.xFreeBytesRemaining
                0x0000000020001f6c        0x4 Middlewares/Third_Party/FreeRTOS/Source/portable/MemMang/heap_4.o
 .bss.xMinimumEverFreeBytesRemaining
                0x0000000020001f70        0x4 Middlewares/Third_Party/FreeRTOS/Source/portable/MemMang/heap_4.o
 .bss.xBlockAllocatedBit
                0x0000000020001f74        0x4 Middlewares/Third_Party/FreeRTOS/Source/portable/MemMang/heap_4.o
 .bss.__malloc_free_list
                0x0000000020001f78        0x4 c:/st/stm32cubeide_1.3.0/stm32cubeide/plugins/com.st.stm32cube.ide.mcu.externaltools.gnu-tools-for-stm32.7-2018-q2-update.win32_1.0.0.201904181610/tools/bin/../lib/gcc/arm-none-eabi/7.3.1/../../../../arm-none-eabi/lib/thumb/v7e-m/fpv4-sp/hard\libc_nano.a(lib_a-nano-mallocr.o)
                0x0000000020001f78                __malloc_free_list
 .bss.__malloc_sbrk_start
                0x0000000020001f7c        0x4 c:/st/stm32cubeide_1.3.0/stm32cubeide/plugins/com.st.stm32cube.ide.mcu.externaltools.gnu-tools-for-stm32.7-2018-q2-update.win32_1.0.0.201904181610/tools/bin/../lib/gcc/arm-none-eabi/7.3.1/../../../../arm-none-eabi/lib/thumb/v7e-m/fpv4-sp/hard\libc_nano.a(lib_a-nano-mallocr.o)
                0x0000000020001f7c                __malloc_sbrk_start
 *(COMMON)
 COMMON         0x0000000020001f80      0x6a8 Core/Src/main.o
                0x0000000020001f80                b
                0x0000000020001fa0                defaultTaskHandle
                0x0000000020001fa4                hspi2
                0x0000000020002008                game
                0x00000000200023e8                hi2c1
                0x0000000020002434                hi2c2
                0x0000000020002480                Rx_data
                0x0000000020002484                goal
                0x000000002000248c                gbl_uart2_receiveBuffer
                0x00000000200024dc                gyro
                0x0000000020002504                display_mutexHandle
                0x0000000020002508                hrng
                0x0000000020002518                gbl_uart2_transmitBuffer
                0x0000000020002568                htim2
                0x00000000200025a8                huart2
 COMMON         0x0000000020002628       0x40 Core/Src/stm32l4xx_hal_timebase_tim.o
                0x0000000020002628                htim6
 COMMON         0x0000000020002668        0x4 Drivers/STM32L4xx_HAL_Driver/Src/stm32l4xx_hal.o
                0x0000000020002668                uwTick
 COMMON         0x000000002000266c       0x40 Middlewares/Third_Party/FreeRTOS/Source/queue.o