main.c:119:5:main	24	static
main.c:211:6:SystemClock_Config	232	static
main.c:285:13:MX_I2C1_Init	8	static
main.c:331:13:MX_I2C2_Init	8	static
main.c:377:13:MX_RNG_Init	8	static
main.c:403:13:MX_SPI2_Init	8	static
main.c:443:13:MX_TIM2_Init	48	static
main.c:491:13:MX_USART2_UART_Init	8	static
main.c:526:13:MX_GPIO_Init	56	static
main.c:733:6:HAL_UART_RxCpltCallback	16	static
main.c:737:6:print_scores	16	static
main.c:776:6:HAL_TIM_OC_DelayElapsedCallback	16	static
main.c:791:6:StartDefaultTask	16	static
main.c:866:6:HAL_TIM_PeriodElapsedCallback	16	static
main.c:883:6:Error_Handler	4	static
